13:39:10 **** Incremental Build of configuration Debug for project Tetris_STM_code ****
make -j16 all 
arm-none-eabi-size  Tetris_STM_code.elf 
   text	   data	    bss	    dec	    hex	filename
  14344	     20	   2820	  17184	   4320	Tetris_STM_code.elf
Finished building: default.size.stdout
 
13:39:32 **** Incremental Build of configuration Debug for project Tetris_STM_code ****
make -j16 all 
arm-none-eabi-gcc "../Core/Src/main.c" -mcpu=cortex-m0plus -std=gnu11 -g3 -DDEBUG -DUSE_HAL_DRIVER -DSTM32L031xx -c -I../Core/Inc -I../Drivers/STM32L0xx_HAL_Driver/Inc -I../Drivers/STM32L0xx_HAL_Driver/Inc/Legacy -I../Drivers/CMSIS/Device/ST/STM32L0xx/Include -I../Drivers/CMSIS/Include -I"C:/Users/pontet/Documents/Git_Repos/Tetris_STM/Tetris_STM_code/ssd1306" -O0 -ffunction-sections -fdata-sections -Wall -fstack-usage -fcyclomatic-complexity -MMD -MP -MF"Core/Src/main.d" -MT"Core/Src/main.o" --specs=nano.specs -mfloat-abi=soft -mthumb -o "Core/Src/main.o"
../Core/Src/main.c: In function 'main':
../Core/Src/main.c:96:3: warning: implicit declaration of function 'drawL' [-Wimplicit-function-declaration]
   96 |   drawL(10, 50);
      |   ^~~~~
../Core/Src/main.c: At top level:
../Core/Src/main.c:252:6: warning: conflicting types for 'drawL'; have 'void(uint8_t,  uint8_t)' {aka 'void(unsigned char,  unsigned char)'}
  252 | void drawL(uint8_t x, uint8_t y) {
      |      ^~~~~
../Core/Src/main.c:96:3: note: previous implicit declaration of 'drawL' with type 'void(uint8_t,  uint8_t)' {aka 'void(unsigned char,  unsigned char)'}
   96 |   drawL(10, 50);
      |   ^~~~~
arm-none-eabi-gcc -o "Tetris_STM_code.elf" @"objects.list"   -mcpu=cortex-m0plus -T"C:\Users\pontet\Documents\Git_Repos\Tetris_STM\Tetris_STM_code\STM32L031K6TX_FLASH.ld" --specs=nosys.specs -Wl,-Map="Tetris_STM_code.map" -Wl,--gc-sections -static --specs=nano.specs -mfloat-abi=soft -mthumb -Wl,--start-group -lc -lm -Wl,--end-group
Finished building target: Tetris_STM_code.elf
 
arm-none-eabi-size  Tetris_STM_code.elf 
arm-none-eabi-objdump -h -S Tetris_STM_code.elf  > "Tetris_STM_code.list"
   text	   data	    bss	    dec	    hex	filename
  14344	     20	   2820	  17184	   4320	Tetris_STM_code.elf
arm-none-eabi-objcopy  -O binary Tetris_STM_code.elf  "Tetris_STM_code.bin"
Finished building: default.size.stdout
 
Finished building: Tetris_STM_code.bin
 
Finished building: Tetris_STM_code.list
 
13:39:40 **** Incremental Build of configuration Debug for project Tetris_STM_code ****
make -j16 all 
arm-none-eabi-gcc "../Core/Src/main.c" -mcpu=cortex-m0plus -std=gnu11 -g3 -DDEBUG -DUSE_HAL_DRIVER -DSTM32L031xx -c -I../Core/Inc -I../Drivers/STM32L0xx_HAL_Driver/Inc -I../Drivers/STM32L0xx_HAL_Driver/Inc/Legacy -I../Drivers/CMSIS/Device/ST/STM32L0xx/Include -I../Drivers/CMSIS/Include -I"C:/Users/pontet/Documents/Git_Repos/Tetris_STM/Tetris_STM_code/ssd1306" -O0 -ffunction-sections -fdata-sections -Wall -fstack-usage -fcyclomatic-complexity -MMD -MP -MF"Core/Src/main.d" -MT"Core/Src/main.o" --specs=nano.specs -mfloat-abi=soft -mthumb -o "Core/Src/main.o"
../Core/Src/main.c: In function 'main':
../Core/Src/main.c:96:3: warning: implicit declaration of function 'drawL' [-Wimplicit-function-declaration]
   96 |   drawL(10, 20);
      |   ^~~~~
../Core/Src/main.c: At top level:
../Core/Src/main.c:252:6: warning: conflicting types for 'drawL'; have 'void(uint8_t,  uint8_t)' {aka 'void(unsigned char,  unsigned char)'}
  252 | void drawL(uint8_t x, uint8_t y) {
      |      ^~~~~
../Core/Src/main.c:96:3: note: previous implicit declaration of 'drawL' with type 'void(uint8_t,  uint8_t)' {aka 'void(unsigned char,  unsigned char)'}
   96 |   drawL(10, 20);
      |   ^~~~~
arm-none-eabi-gcc -o "Tetris_STM_code.elf" @"objects.list"   -mcpu=cortex-m0plus -T"C:\Users\pontet\Documents\Git_Repos\Tetris_STM\Tetris_STM_code\STM32L031K6TX_FLASH.ld" --specs=nosys.specs -Wl,-Map="Tetris_STM_code.map" -Wl,--gc-sections -static --specs=nano.specs -mfloat-abi=soft -mthumb -Wl,--start-group -lc -lm -Wl,--end-group
Finished building target: Tetris_STM_code.elf
 
arm-none-eabi-size  Tetris_STM_code.elf 
arm-none-eabi-objdump -h -S Tetris_STM_code.elf  > "Tetris_STM_code.list"
   text	   data	    bss	    dec	    hex	filename
  14344	     20	   2820	  17184	   4320	Tetris_STM_code.elf
arm-none-eabi-objcopy  -O binary Tetris_STM_code.elf  "Tetris_STM_code.bin"
Finished building: default.size.stdout
 
Finished building: Tetris_STM_code.bin
 
Finished building: Tetris_STM_code.list
 
13:39:44 **** Incremental Build of configuration Debug for project Tetris_STM_code ****
make -j16 all 
arm-none-eabi-gcc "../Core/Src/main.c" -mcpu=cortex-m0plus -std=gnu11 -g3 -DDEBUG -DUSE_HAL_DRIVER -DSTM32L031xx -c -I../Core/Inc -I../Drivers/STM32L0xx_HAL_Driver/Inc -I../Drivers/STM32L0xx_HAL_Driver/Inc/Legacy -I../Drivers/CMSIS/Device/ST/STM32L0xx/Include -I../Drivers/CMSIS/Include -I"C:/Users/pontet/Documents/Git_Repos/Tetris_STM/Tetris_STM_code/ssd1306" -O0 -ffunction-sections -fdata-sections -Wall -fstack-usage -fcyclomatic-complexity -MMD -MP -MF"Core/Src/main.d" -MT"Core/Src/main.o" --specs=nano.specs -mfloat-abi=soft -mthumb -o "Core/Src/main.o"
../Core/Src/main.c: In function 'main':
../Core/Src/main.c:96:3: warning: implicit declaration of function 'drawL' [-Wimplicit-function-declaration]
   96 |   drawL(10, 20);
      |   ^~~~~
../Core/Src/main.c: At top level:
../Core/Src/main.c:252:6: warning: conflicting types for 'drawL'; have 'void(uint8_t,  uint8_t)' {aka 'void(unsigned char,  unsigned char)'}
  252 | void drawL(uint8_t x, uint8_t y) {
      |      ^~~~~
../Core/Src/main.c:96:3: note: previous implicit declaration of 'drawL' with type 'void(uint8_t,  uint8_t)' {aka 'void(unsigned char,  unsigned char)'}
   96 |   drawL(10, 20);
      |   ^~~~~
arm-none-eabi-gcc -o "Tetris_STM_code.elf" @"objects.list"   -mcpu=cortex-m0plus -T"C:\Users\pontet\Documents\Git_Repos\Tetris_STM\Tetris_STM_code\STM32L031K6TX_FLASH.ld" --specs=nosys.specs -Wl,-Map="Tetris_STM_code.map" -Wl,--gc-sections -static --specs=nano.specs -mfloat-abi=soft -mthumb -Wl,--start-group -lc -lm -Wl,--end-group
Finished building target: Tetris_STM_code.elf
 
arm-none-eabi-size  Tetris_STM_code.elf 
arm-none-eabi-objdump -h -S Tetris_STM_code.elf  > "Tetris_STM_code.list"
   text	   data	    bss	    dec	    hex	filename
  14344	     20	   2820	  17184	   4320	Tetris_STM_code.elf
arm-none-eabi-objcopy  -O binary Tetris_STM_code.elf  "Tetris_STM_code.bin"
Finished building: default.size.stdout
 
Finished building: Tetris_STM_code.bin
 
Finished building: Tetris_STM_code.list
 
13:49:52 **** Incremental Build of configuration Debug for project Tetris_STM_code ****
make -j16 all 
arm-none-eabi-gcc "../Core/Src/main.c" -mcpu=cortex-m0plus -std=gnu11 -g3 -DDEBUG -DUSE_HAL_DRIVER -DSTM32L031xx -c -I../Core/Inc -I../Drivers/STM32L0xx_HAL_Driver/Inc -I../Drivers/STM32L0xx_HAL_Driver/Inc/Legacy -I../Drivers/CMSIS/Device/ST/STM32L0xx/Include -I../Drivers/CMSIS/Include -I"C:/Users/pontet/Documents/Git_Repos/Tetris_STM/Tetris_STM_code/ssd1306" -O0 -ffunction-sections -fdata-sections -Wall -fstack-usage -fcyclomatic-complexity -MMD -MP -MF"Core/Src/main.d" -MT"Core/Src/main.o" --specs=nano.specs -mfloat-abi=soft -mthumb -o "Core/Src/main.o"
arm-none-eabi-gcc -o "Tetris_STM_code.elf" @"objects.list"   -mcpu=cortex-m0plus -T"C:\Users\pontet\Documents\Git_Repos\Tetris_STM\Tetris_STM_code\STM32L031K6TX_FLASH.ld" --specs=nosys.specs -Wl,-Map="Tetris_STM_code.map" -Wl,--gc-sections -static --specs=nano.specs -mfloat-abi=soft -mthumb -Wl,--start-group -lc -lm -Wl,--end-group
Finished building target: Tetris_STM_code.elf
 
arm-none-eabi-size  Tetris_STM_code.elf 
arm-none-eabi-objdump -h -S Tetris_STM_code.elf  > "Tetris_STM_code.list"
   text	   data	    bss	    dec	    hex	filename
  13940	     20	   2820	  16780	   418c	Tetris_STM_code.elf
arm-none-eabi-objcopy  -O binary Tetris_STM_code.elf  "Tetris_STM_code.bin"
Finished building: default.size.stdout
 
Finished building: Tetris_STM_code.bin
 
Finished building: Tetris_STM_code.list
 
14:03:51 **** Clean-only build of configuration Debug for project Tetris_STM_code ****
make -j16 clean 
rm -rf ./ssd1306/ssd1306.cyclo ./ssd1306/ssd1306.d ./ssd1306/ssd1306.o ./ssd1306/ssd1306.su ./ssd1306/ssd1306_fonts.cyclo ./ssd1306/ssd1306_fonts.d ./ssd1306/ssd1306_fonts.o ./ssd1306/ssd1306_fonts.su ./ssd1306/ssd1306_tests.cyclo ./ssd1306/ssd1306_tests.d ./ssd1306/ssd1306_tests.o ./ssd1306/ssd1306_tests.su
rm -rf ./Drivers/STM32L0xx_HAL_Driver/Src/stm32l0xx_hal.cyclo ./Drivers/STM32L0xx_HAL_Driver/Src/stm32l0xx_hal.d ./Drivers/STM32L0xx_HAL_Driver/Src/stm32l0xx_hal.o ./Drivers/STM32L0xx_HAL_Driver/Src/stm32l0xx_hal.su ./Drivers/STM32L0xx_HAL_Driver/Src/stm32l0xx_hal_cortex.cyclo ./Drivers/STM32L0xx_HAL_Driver/Src/stm32l0xx_hal_cortex.d ./Drivers/STM32L0xx_HAL_Driver/Src/stm32l0xx_hal_cortex.o ./Drivers/STM32L0xx_HAL_Driver/Src/stm32l0xx_hal_cortex.su ./Drivers/STM32L0xx_HAL_Driver/Src/stm32l0xx_hal_dma.cyclo ./Drivers/STM32L0xx_HAL_Driver/Src/stm32l0xx_hal_dma.d ./Drivers/STM32L0xx_HAL_Driver/Src/stm32l0xx_hal_dma.o ./Drivers/STM32L0xx_HAL_Driver/Src/stm32l0xx_hal_dma.su ./Drivers/STM32L0xx_HAL_Driver/Src/stm32l0xx_hal_exti.cyclo ./Drivers/STM32L0xx_HAL_Driver/Src/stm32l0xx_hal_exti.d ./Drivers/STM32L0xx_HAL_Driver/Src/stm32l0xx_hal_exti.o ./Drivers/STM32L0xx_HAL_Driver/Src/stm32l0xx_hal_exti.su ./Drivers/STM32L0xx_HAL_Driver/Src/stm32l0xx_hal_flash.cyclo ./Drivers/STM32L0xx_HAL_Driver/Src/stm32l0xx_hal_flash.d ./Drivers/STM32L0xx_HAL_Driver/Src/stm32l0xx_hal_flash.o ./Drivers/STM32L0xx_HAL_Driver/Src/stm32l0xx_hal_flash.su ./Drivers/STM32L0xx_HAL_Driver/Src/stm32l0xx_hal_flash_ex.cyclo ./Drivers/STM32L0xx_HAL_Driver/Src/stm32l0xx_hal_flash_ex.d ./Drivers/STM32L0xx_HAL_Driver/Src/stm32l0xx_hal_flash_ex.o ./Drivers/STM32L0xx_HAL_Driver/Src/stm32l0xx_hal_flash_ex.su ./Drivers/STM32L0xx_HAL_Driver/Src/stm32l0xx_hal_flash_ramfunc.cyclo ./Drivers/STM32L0xx_HAL_Driver/Src/stm32l0xx_hal_flash_ramfunc.d ./Drivers/STM32L0xx_HAL_Driver/Src/stm32l0xx_hal_flash_ramfunc.o ./Drivers/STM32L0xx_HAL_Driver/Src/stm32l0xx_hal_flash_ramfunc.su ./Drivers/STM32L0xx_HAL_Driver/Src/stm32l0xx_hal_gpio.cyclo ./Drivers/STM32L0xx_HAL_Driver/Src/stm32l0xx_hal_gpio.d ./Drivers/STM32L0xx_HAL_Driver/Src/stm32l0xx_hal_gpio.o ./Drivers/STM32L0xx_HAL_Driver/Src/stm32l0xx_hal_gpio.su ./Drivers/STM32L0xx_HAL_Driver/Src/stm32l0xx_hal_i2c.cyclo ./Drivers/STM32L0xx_HAL_Driver/Src/stm32l0xx_hal_i2c.d ./Drivers/STM32L0xx_HAL_Driver/Src/stm32l0xx_hal_i2c.o ./Drivers/STM32L0xx_HAL_Driver/Src/stm32l0xx_hal_i2c.su ./Drivers/STM32L0xx_HAL_Driver/Src/stm32l0xx_hal_i2c_ex.cyclo ./Drivers/STM32L0xx_HAL_Driver/Src/stm32l0xx_hal_i2c_ex.d ./Drivers/STM32L0xx_HAL_Driver/Src/stm32l0xx_hal_i2c_ex.o ./Drivers/STM32L0xx_HAL_Driver/Src/stm32l0xx_hal_i2c_ex.su ./Drivers/STM32L0xx_HAL_Driver/Src/stm32l0xx_hal_pwr.cyclo ./Drivers/STM32L0xx_HAL_Driver/Src/stm32l0xx_hal_pwr.d ./Drivers/STM32L0xx_HAL_Driver/Src/stm32l0xx_hal_pwr.o ./Drivers/STM32L0xx_HAL_Driver/Src/stm32l0xx_hal_pwr.su ./Drivers/STM32L0xx_HAL_Driver/Src/stm32l0xx_hal_pwr_ex.cyclo ./Drivers/STM32L0xx_HAL_Driver/Src/stm32l0xx_hal_pwr_ex.d ./Drivers/STM32L0xx_HAL_Driver/Src/stm32l0xx_hal_pwr_ex.o ./Drivers/STM32L0xx_HAL_Driver/Src/stm32l0xx_hal_pwr_ex.su ./Drivers/STM32L0xx_HAL_Driver/Src/stm32l0xx_hal_rcc.cyclo ./Drivers/STM32L0xx_HAL_Driver/Src/stm32l0xx_hal_rcc.d ./Drivers/STM32L0xx_HAL_Driver/Src/stm32l0xx_hal_rcc.o ./Drivers/STM32L0xx_HAL_Driver/Src/stm32l0xx_hal_rcc.su ./Drivers/STM32L0xx_HAL_Driver/Src/stm32l0xx_hal_rcc_ex.cyclo ./Drivers/STM32L0xx_HAL_Driver/Src/stm32l0xx_hal_rcc_ex.d ./Drivers/STM32L0xx_HAL_Driver/Src/stm32l0xx_hal_rcc_ex.o ./Drivers/STM32L0xx_HAL_Driver/Src/stm32l0xx_hal_rcc_ex.su ./Drivers/STM32L0xx_HAL_Driver/Src/stm32l0xx_hal_tim.cyclo ./Drivers/STM32L0xx_HAL_Driver/Src/stm32l0xx_hal_tim.d ./Drivers/STM32L0xx_HAL_Driver/Src/stm32l0xx_hal_tim.o ./Drivers/STM32L0xx_HAL_Driver/Src/stm32l0xx_hal_tim.su ./Drivers/STM32L0xx_HAL_Driver/Src/stm32l0xx_hal_tim_ex.cyclo ./Drivers/STM32L0xx_HAL_Driver/Src/stm32l0xx_hal_tim_ex.d ./Drivers/STM32L0xx_HAL_Driver/Src/stm32l0xx_hal_tim_ex.o ./Drivers/STM32L0xx_HAL_Driver/Src/stm32l0xx_hal_tim_ex.su ./Drivers/STM32L0xx_HAL_Driver/Src/stm32l0xx_hal_uart.cyclo ./Drivers/STM32L0xx_HAL_Driver/Src/stm32l0xx_hal_uart.d ./Drivers/STM32L0xx_HAL_Driver/Src/stm32l0xx_hal_uart.o ./Drivers/STM32L0xx_HAL_Driver/Src/stm32l0xx_hal_uart.su ./Drivers/STM32L0xx_HAL_Driver/Src/stm32l0xx_hal_uart_ex.cyclo ./Drivers/STM32L0xx_HAL_Driver/Src/stm32l0xx_hal_uart_ex.d ./Drivers/STM32L0xx_HAL_Driver/Src/stm32l0xx_hal_uart_ex.o ./Drivers/STM32L0xx_HAL_Driver/Src/stm32l0xx_hal_uart_ex.su
rm -rf ./Core/Startup/startup_stm32l031k6tx.d ./Core/Startup/startup_stm32l031k6tx.o
rm -rf ./Core/Src/gpio.cyclo ./Core/Src/gpio.d ./Core/Src/gpio.o ./Core/Src/gpio.su ./Core/Src/i2c.cyclo ./Core/Src/i2c.d ./Core/Src/i2c.o ./Core/Src/i2c.su ./Core/Src/main.cyclo ./Core/Src/main.d ./Core/Src/main.o ./Core/Src/main.su ./Core/Src/stm32l0xx_hal_msp.cyclo ./Core/Src/stm32l0xx_hal_msp.d ./Core/Src/stm32l0xx_hal_msp.o ./Core/Src/stm32l0xx_hal_msp.su ./Core/Src/stm32l0xx_it.cyclo ./Core/Src/stm32l0xx_it.d ./Core/Src/stm32l0xx_it.o ./Core/Src/stm32l0xx_it.su ./Core/Src/syscalls.cyclo ./Core/Src/syscalls.d ./Core/Src/syscalls.o ./Core/Src/syscalls.su ./Core/Src/sysmem.cyclo ./Core/Src/sysmem.d ./Core/Src/sysmem.o ./Core/Src/sysmem.su ./Core/Src/system_stm32l0xx.cyclo ./Core/Src/system_stm32l0xx.d ./Core/Src/system_stm32l0xx.o ./Core/Src/system_stm32l0xx.su ./Core/Src/usart.cyclo ./Core/Src/usart.d ./Core/Src/usart.o ./Core/Src/usart.su
rm -rf Tetris_STM_code.bin Tetris_STM_code.elf Tetris_STM_code.list Tetris_STM_code.map default.size.stdout
 
14:03:52 **** Incremental Build of configuration Debug for project Tetris_STM_code ****
make -j16 all 
arm-none-eabi-gcc "../ssd1306/ssd1306.c" -mcpu=cortex-m0plus -std=gnu11 -g3 -DDEBUG -DUSE_HAL_DRIVER -DSTM32L031xx -c -I../Core/Inc -I../Drivers/STM32L0xx_HAL_Driver/Inc -I../Drivers/STM32L0xx_HAL_Driver/Inc/Legacy -I../Drivers/CMSIS/Device/ST/STM32L0xx/Include -I../Drivers/CMSIS/Include -I"C:/Users/pontet/Documents/Git_Repos/Tetris_STM/Tetris_STM_code/ssd1306" -I"C:/Users/pontet/Documents/Git_Repos/Tetris_STM/Tetris_STM_code/tetrisGame" -O0 -ffunction-sections -fdata-sections -Wall -fstack-usage -fcyclomatic-complexity -MMD -MP -MF"ssd1306/ssd1306.d" -MT"ssd1306/ssd1306.o" --specs=nano.specs -mfloat-abi=soft -mthumb -o "ssd1306/ssd1306.o"
arm-none-eabi-gcc "../ssd1306/ssd1306_fonts.c" -mcpu=cortex-m0plus -std=gnu11 -g3 -DDEBUG -DUSE_HAL_DRIVER -DSTM32L031xx -c -I../Core/Inc -I../Drivers/STM32L0xx_HAL_Driver/Inc -I../Drivers/STM32L0xx_HAL_Driver/Inc/Legacy -I../Drivers/CMSIS/Device/ST/STM32L0xx/Include -I../Drivers/CMSIS/Include -I"C:/Users/pontet/Documents/Git_Repos/Tetris_STM/Tetris_STM_code/ssd1306" -I"C:/Users/pontet/Documents/Git_Repos/Tetris_STM/Tetris_STM_code/tetrisGame" -O0 -ffunction-sections -fdata-sections -Wall -fstack-usage -fcyclomatic-complexity -MMD -MP -MF"ssd1306/ssd1306_fonts.d" -MT"ssd1306/ssd1306_fonts.o" --specs=nano.specs -mfloat-abi=soft -mthumb -o "ssd1306/ssd1306_fonts.o"
arm-none-eabi-gcc "../ssd1306/ssd1306_tests.c" -mcpu=cortex-m0plus -std=gnu11 -g3 -DDEBUG -DUSE_HAL_DRIVER -DSTM32L031xx -c -I../Core/Inc -I../Drivers/STM32L0xx_HAL_Driver/Inc -I../Drivers/STM32L0xx_HAL_Driver/Inc/Legacy -I../Drivers/CMSIS/Device/ST/STM32L0xx/Include -I../Drivers/CMSIS/Include -I"C:/Users/pontet/Documents/Git_Repos/Tetris_STM/Tetris_STM_code/ssd1306" -I"C:/Users/pontet/Documents/Git_Repos/Tetris_STM/Tetris_STM_code/tetrisGame" -O0 -ffunction-sections -fdata-sections -Wall -fstack-usage -fcyclomatic-complexity -MMD -MP -MF"ssd1306/ssd1306_tests.d" -MT"ssd1306/ssd1306_tests.o" --specs=nano.specs -mfloat-abi=soft -mthumb -o "ssd1306/ssd1306_tests.o"
arm-none-eabi-gcc "../Drivers/STM32L0xx_HAL_Driver/Src/stm32l0xx_hal.c" -mcpu=cortex-m0plus -std=gnu11 -g3 -DDEBUG -DUSE_HAL_DRIVER -DSTM32L031xx -c -I../Core/Inc -I../Drivers/STM32L0xx_HAL_Driver/Inc -I../Drivers/STM32L0xx_HAL_Driver/Inc/Legacy -I../Drivers/CMSIS/Device/ST/STM32L0xx/Include -I../Drivers/CMSIS/Include -I"C:/Users/pontet/Documents/Git_Repos/Tetris_STM/Tetris_STM_code/ssd1306" -I"C:/Users/pontet/Documents/Git_Repos/Tetris_STM/Tetris_STM_code/tetrisGame" -O0 -ffunction-sections -fdata-sections -Wall -fstack-usage -fcyclomatic-complexity -MMD -MP -MF"Drivers/STM32L0xx_HAL_Driver/Src/stm32l0xx_hal.d" -MT"Drivers/STM32L0xx_HAL_Driver/Src/stm32l0xx_hal.o" --specs=nano.specs -mfloat-abi=soft -mthumb -o "Drivers/STM32L0xx_HAL_Driver/Src/stm32l0xx_hal.o"
arm-none-eabi-gcc "../Drivers/STM32L0xx_HAL_Driver/Src/stm32l0xx_hal_cortex.c" -mcpu=cortex-m0plus -std=gnu11 -g3 -DDEBUG -DUSE_HAL_DRIVER -DSTM32L031xx -c -I../Core/Inc -I../Drivers/STM32L0xx_HAL_Driver/Inc -I../Drivers/STM32L0xx_HAL_Driver/Inc/Legacy -I../Drivers/CMSIS/Device/ST/STM32L0xx/Include -I../Drivers/CMSIS/Include -I"C:/Users/pontet/Documents/Git_Repos/Tetris_STM/Tetris_STM_code/ssd1306" -I"C:/Users/pontet/Documents/Git_Repos/Tetris_STM/Tetris_STM_code/tetrisGame" -O0 -ffunction-sections -fdata-sections -Wall -fstack-usage -fcyclomatic-complexity -MMD -MP -MF"Drivers/STM32L0xx_HAL_Driver/Src/stm32l0xx_hal_cortex.d" -MT"Drivers/STM32L0xx_HAL_Driver/Src/stm32l0xx_hal_cortex.o" --specs=nano.specs -mfloat-abi=soft -mthumb -o "Drivers/STM32L0xx_HAL_Driver/Src/stm32l0xx_hal_cortex.o"
arm-none-eabi-gcc "../Drivers/STM32L0xx_HAL_Driver/Src/stm32l0xx_hal_dma.c" -mcpu=cortex-m0plus -std=gnu11 -g3 -DDEBUG -DUSE_HAL_DRIVER -DSTM32L031xx -c -I../Core/Inc -I../Drivers/STM32L0xx_HAL_Driver/Inc -I../Drivers/STM32L0xx_HAL_Driver/Inc/Legacy -I../Drivers/CMSIS/Device/ST/STM32L0xx/Include -I../Drivers/CMSIS/Include -I"C:/Users/pontet/Documents/Git_Repos/Tetris_STM/Tetris_STM_code/ssd1306" -I"C:/Users/pontet/Documents/Git_Repos/Tetris_STM/Tetris_STM_code/tetrisGame" -O0 -ffunction-sections -fdata-sections -Wall -fstack-usage -fcyclomatic-complexity -MMD -MP -MF"Drivers/STM32L0xx_HAL_Driver/Src/stm32l0xx_hal_dma.d" -MT"Drivers/STM32L0xx_HAL_Driver/Src/stm32l0xx_hal_dma.o" --specs=nano.specs -mfloat-abi=soft -mthumb -o "Drivers/STM32L0xx_HAL_Driver/Src/stm32l0xx_hal_dma.o"
arm-none-eabi-gcc "../Drivers/STM32L0xx_HAL_Driver/Src/stm32l0xx_hal_exti.c" -mcpu=cortex-m0plus -std=gnu11 -g3 -DDEBUG -DUSE_HAL_DRIVER -DSTM32L031xx -c -I../Core/Inc -I../Drivers/STM32L0xx_HAL_Driver/Inc -I../Drivers/STM32L0xx_HAL_Driver/Inc/Legacy -I../Drivers/CMSIS/Device/ST/STM32L0xx/Include -I../Drivers/CMSIS/Include -I"C:/Users/pontet/Documents/Git_Repos/Tetris_STM/Tetris_STM_code/ssd1306" -I"C:/Users/pontet/Documents/Git_Repos/Tetris_STM/Tetris_STM_code/tetrisGame" -O0 -ffunction-sections -fdata-sections -Wall -fstack-usage -fcyclomatic-complexity -MMD -MP -MF"Drivers/STM32L0xx_HAL_Driver/Src/stm32l0xx_hal_exti.d" -MT"Drivers/STM32L0xx_HAL_Driver/Src/stm32l0xx_hal_exti.o" --specs=nano.specs -mfloat-abi=soft -mthumb -o "Drivers/STM32L0xx_HAL_Driver/Src/stm32l0xx_hal_exti.o"
arm-none-eabi-gcc "../Drivers/STM32L0xx_HAL_Driver/Src/stm32l0xx_hal_flash.c" -mcpu=cortex-m0plus -std=gnu11 -g3 -DDEBUG -DUSE_HAL_DRIVER -DSTM32L031xx -c -I../Core/Inc -I../Drivers/STM32L0xx_HAL_Driver/Inc -I../Drivers/STM32L0xx_HAL_Driver/Inc/Legacy -I../Drivers/CMSIS/Device/ST/STM32L0xx/Include -I../Drivers/CMSIS/Include -I"C:/Users/pontet/Documents/Git_Repos/Tetris_STM/Tetris_STM_code/ssd1306" -I"C:/Users/pontet/Documents/Git_Repos/Tetris_STM/Tetris_STM_code/tetrisGame" -O0 -ffunction-sections -fdata-sections -Wall -fstack-usage -fcyclomatic-complexity -MMD -MP -MF"Drivers/STM32L0xx_HAL_Driver/Src/stm32l0xx_hal_flash.d" -MT"Drivers/STM32L0xx_HAL_Driver/Src/stm32l0xx_hal_flash.o" --specs=nano.specs -mfloat-abi=soft -mthumb -o "Drivers/STM32L0xx_HAL_Driver/Src/stm32l0xx_hal_flash.o"
arm-none-eabi-gcc "../Drivers/STM32L0xx_HAL_Driver/Src/stm32l0xx_hal_flash_ex.c" -mcpu=cortex-m0plus -std=gnu11 -g3 -DDEBUG -DUSE_HAL_DRIVER -DSTM32L031xx -c -I../Core/Inc -I../Drivers/STM32L0xx_HAL_Driver/Inc -I../Drivers/STM32L0xx_HAL_Driver/Inc/Legacy -I../Drivers/CMSIS/Device/ST/STM32L0xx/Include -I../Drivers/CMSIS/Include -I"C:/Users/pontet/Documents/Git_Repos/Tetris_STM/Tetris_STM_code/ssd1306" -I"C:/Users/pontet/Documents/Git_Repos/Tetris_STM/Tetris_STM_code/tetrisGame" -O0 -ffunction-sections -fdata-sections -Wall -fstack-usage -fcyclomatic-complexity -MMD -MP -MF"Drivers/STM32L0xx_HAL_Driver/Src/stm32l0xx_hal_flash_ex.d" -MT"Drivers/STM32L0xx_HAL_Driver/Src/stm32l0xx_hal_flash_ex.o" --specs=nano.specs -mfloat-abi=soft -mthumb -o "Drivers/STM32L0xx_HAL_Driver/Src/stm32l0xx_hal_flash_ex.o"
arm-none-eabi-gcc "../Drivers/STM32L0xx_HAL_Driver/Src/stm32l0xx_hal_flash_ramfunc.c" -mcpu=cortex-m0plus -std=gnu11 -g3 -DDEBUG -DUSE_HAL_DRIVER -DSTM32L031xx -c -I../Core/Inc -I../Drivers/STM32L0xx_HAL_Driver/Inc -I../Drivers/STM32L0xx_HAL_Driver/Inc/Legacy -I../Drivers/CMSIS/Device/ST/STM32L0xx/Include -I../Drivers/CMSIS/Include -I"C:/Users/pontet/Documents/Git_Repos/Tetris_STM/Tetris_STM_code/ssd1306" -I"C:/Users/pontet/Documents/Git_Repos/Tetris_STM/Tetris_STM_code/tetrisGame" -O0 -ffunction-sections -fdata-sections -Wall -fstack-usage -fcyclomatic-complexity -MMD -MP -MF"Drivers/STM32L0xx_HAL_Driver/Src/stm32l0xx_hal_flash_ramfunc.d" -MT"Drivers/STM32L0xx_HAL_Driver/Src/stm32l0xx_hal_flash_ramfunc.o" --specs=nano.specs -mfloat-abi=soft -mthumb -o "Drivers/STM32L0xx_HAL_Driver/Src/stm32l0xx_hal_flash_ramfunc.o"
arm-none-eabi-gcc "../Drivers/STM32L0xx_HAL_Driver/Src/stm32l0xx_hal_gpio.c" -mcpu=cortex-m0plus -std=gnu11 -g3 -DDEBUG -DUSE_HAL_DRIVER -DSTM32L031xx -c -I../Core/Inc -I../Drivers/STM32L0xx_HAL_Driver/Inc -I../Drivers/STM32L0xx_HAL_Driver/Inc/Legacy -I../Drivers/CMSIS/Device/ST/STM32L0xx/Include -I../Drivers/CMSIS/Include -I"C:/Users/pontet/Documents/Git_Repos/Tetris_STM/Tetris_STM_code/ssd1306" -I"C:/Users/pontet/Documents/Git_Repos/Tetris_STM/Tetris_STM_code/tetrisGame" -O0 -ffunction-sections -fdata-sections -Wall -fstack-usage -fcyclomatic-complexity -MMD -MP -MF"Drivers/STM32L0xx_HAL_Driver/Src/stm32l0xx_hal_gpio.d" -MT"Drivers/STM32L0xx_HAL_Driver/Src/stm32l0xx_hal_gpio.o" --specs=nano.specs -mfloat-abi=soft -mthumb -o "Drivers/STM32L0xx_HAL_Driver/Src/stm32l0xx_hal_gpio.o"
arm-none-eabi-gcc "../Drivers/STM32L0xx_HAL_Driver/Src/stm32l0xx_hal_i2c.c" -mcpu=cortex-m0plus -std=gnu11 -g3 -DDEBUG -DUSE_HAL_DRIVER -DSTM32L031xx -c -I../Core/Inc -I../Drivers/STM32L0xx_HAL_Driver/Inc -I../Drivers/STM32L0xx_HAL_Driver/Inc/Legacy -I../Drivers/CMSIS/Device/ST/STM32L0xx/Include -I../Drivers/CMSIS/Include -I"C:/Users/pontet/Documents/Git_Repos/Tetris_STM/Tetris_STM_code/ssd1306" -I"C:/Users/pontet/Documents/Git_Repos/Tetris_STM/Tetris_STM_code/tetrisGame" -O0 -ffunction-sections -fdata-sections -Wall -fstack-usage -fcyclomatic-complexity -MMD -MP -MF"Drivers/STM32L0xx_HAL_Driver/Src/stm32l0xx_hal_i2c.d" -MT"Drivers/STM32L0xx_HAL_Driver/Src/stm32l0xx_hal_i2c.o" --specs=nano.specs -mfloat-abi=soft -mthumb -o "Drivers/STM32L0xx_HAL_Driver/Src/stm32l0xx_hal_i2c.o"
arm-none-eabi-gcc "../Drivers/STM32L0xx_HAL_Driver/Src/stm32l0xx_hal_i2c_ex.c" -mcpu=cortex-m0plus -std=gnu11 -g3 -DDEBUG -DUSE_HAL_DRIVER -DSTM32L031xx -c -I../Core/Inc -I../Drivers/STM32L0xx_HAL_Driver/Inc -I../Drivers/STM32L0xx_HAL_Driver/Inc/Legacy -I../Drivers/CMSIS/Device/ST/STM32L0xx/Include -I../Drivers/CMSIS/Include -I"C:/Users/pontet/Documents/Git_Repos/Tetris_STM/Tetris_STM_code/ssd1306" -I"C:/Users/pontet/Documents/Git_Repos/Tetris_STM/Tetris_STM_code/tetrisGame" -O0 -ffunction-sections -fdata-sections -Wall -fstack-usage -fcyclomatic-complexity -MMD -MP -MF"Drivers/STM32L0xx_HAL_Driver/Src/stm32l0xx_hal_i2c_ex.d" -MT"Drivers/STM32L0xx_HAL_Driver/Src/stm32l0xx_hal_i2c_ex.o" --specs=nano.specs -mfloat-abi=soft -mthumb -o "Drivers/STM32L0xx_HAL_Driver/Src/stm32l0xx_hal_i2c_ex.o"
arm-none-eabi-gcc "../Drivers/STM32L0xx_HAL_Driver/Src/stm32l0xx_hal_pwr.c" -mcpu=cortex-m0plus -std=gnu11 -g3 -DDEBUG -DUSE_HAL_DRIVER -DSTM32L031xx -c -I../Core/Inc -I../Drivers/STM32L0xx_HAL_Driver/Inc -I../Drivers/STM32L0xx_HAL_Driver/Inc/Legacy -I../Drivers/CMSIS/Device/ST/STM32L0xx/Include -I../Drivers/CMSIS/Include -I"C:/Users/pontet/Documents/Git_Repos/Tetris_STM/Tetris_STM_code/ssd1306" -I"C:/Users/pontet/Documents/Git_Repos/Tetris_STM/Tetris_STM_code/tetrisGame" -O0 -ffunction-sections -fdata-sections -Wall -fstack-usage -fcyclomatic-complexity -MMD -MP -MF"Drivers/STM32L0xx_HAL_Driver/Src/stm32l0xx_hal_pwr.d" -MT"Drivers/STM32L0xx_HAL_Driver/Src/stm32l0xx_hal_pwr.o" --specs=nano.specs -mfloat-abi=soft -mthumb -o "Drivers/STM32L0xx_HAL_Driver/Src/stm32l0xx_hal_pwr.o"
arm-none-eabi-gcc "../Drivers/STM32L0xx_HAL_Driver/Src/stm32l0xx_hal_pwr_ex.c" -mcpu=cortex-m0plus -std=gnu11 -g3 -DDEBUG -DUSE_HAL_DRIVER -DSTM32L031xx -c -I../Core/Inc -I../Drivers/STM32L0xx_HAL_Driver/Inc -I../Drivers/STM32L0xx_HAL_Driver/Inc/Legacy -I../Drivers/CMSIS/Device/ST/STM32L0xx/Include -I../Drivers/CMSIS/Include -I"C:/Users/pontet/Documents/Git_Repos/Tetris_STM/Tetris_STM_code/ssd1306" -I"C:/Users/pontet/Documents/Git_Repos/Tetris_STM/Tetris_STM_code/tetrisGame" -O0 -ffunction-sections -fdata-sections -Wall -fstack-usage -fcyclomatic-complexity -MMD -MP -MF"Drivers/STM32L0xx_HAL_Driver/Src/stm32l0xx_hal_pwr_ex.d" -MT"Drivers/STM32L0xx_HAL_Driver/Src/stm32l0xx_hal_pwr_ex.o" --specs=nano.specs -mfloat-abi=soft -mthumb -o "Drivers/STM32L0xx_HAL_Driver/Src/stm32l0xx_hal_pwr_ex.o"
arm-none-eabi-gcc "../Drivers/STM32L0xx_HAL_Driver/Src/stm32l0xx_hal_rcc.c" -mcpu=cortex-m0plus -std=gnu11 -g3 -DDEBUG -DUSE_HAL_DRIVER -DSTM32L031xx -c -I../Core/Inc -I../Drivers/STM32L0xx_HAL_Driver/Inc -I../Drivers/STM32L0xx_HAL_Driver/Inc/Legacy -I../Drivers/CMSIS/Device/ST/STM32L0xx/Include -I../Drivers/CMSIS/Include -I"C:/Users/pontet/Documents/Git_Repos/Tetris_STM/Tetris_STM_code/ssd1306" -I"C:/Users/pontet/Documents/Git_Repos/Tetris_STM/Tetris_STM_code/tetrisGame" -O0 -ffunction-sections -fdata-sections -Wall -fstack-usage -fcyclomatic-complexity -MMD -MP -MF"Drivers/STM32L0xx_HAL_Driver/Src/stm32l0xx_hal_rcc.d" -MT"Drivers/STM32L0xx_HAL_Driver/Src/stm32l0xx_hal_rcc.o" --specs=nano.specs -mfloat-abi=soft -mthumb -o "Drivers/STM32L0xx_HAL_Driver/Src/stm32l0xx_hal_rcc.o"
arm-none-eabi-gcc "../Drivers/STM32L0xx_HAL_Driver/Src/stm32l0xx_hal_rcc_ex.c" -mcpu=cortex-m0plus -std=gnu11 -g3 -DDEBUG -DUSE_HAL_DRIVER -DSTM32L031xx -c -I../Core/Inc -I../Drivers/STM32L0xx_HAL_Driver/Inc -I../Drivers/STM32L0xx_HAL_Driver/Inc/Legacy -I../Drivers/CMSIS/Device/ST/STM32L0xx/Include -I../Drivers/CMSIS/Include -I"C:/Users/pontet/Documents/Git_Repos/Tetris_STM/Tetris_STM_code/ssd1306" -I"C:/Users/pontet/Documents/Git_Repos/Tetris_STM/Tetris_STM_code/tetrisGame" -O0 -ffunction-sections -fdata-sections -Wall -fstack-usage -fcyclomatic-complexity -MMD -MP -MF"Drivers/STM32L0xx_HAL_Driver/Src/stm32l0xx_hal_rcc_ex.d" -MT"Drivers/STM32L0xx_HAL_Driver/Src/stm32l0xx_hal_rcc_ex.o" --specs=nano.specs -mfloat-abi=soft -mthumb -o "Drivers/STM32L0xx_HAL_Driver/Src/stm32l0xx_hal_rcc_ex.o"
arm-none-eabi-gcc "../Drivers/STM32L0xx_HAL_Driver/Src/stm32l0xx_hal_tim.c" -mcpu=cortex-m0plus -std=gnu11 -g3 -DDEBUG -DUSE_HAL_DRIVER -DSTM32L031xx -c -I../Core/Inc -I../Drivers/STM32L0xx_HAL_Driver/Inc -I../Drivers/STM32L0xx_HAL_Driver/Inc/Legacy -I../Drivers/CMSIS/Device/ST/STM32L0xx/Include -I../Drivers/CMSIS/Include -I"C:/Users/pontet/Documents/Git_Repos/Tetris_STM/Tetris_STM_code/ssd1306" -I"C:/Users/pontet/Documents/Git_Repos/Tetris_STM/Tetris_STM_code/tetrisGame" -O0 -ffunction-sections -fdata-sections -Wall -fstack-usage -fcyclomatic-complexity -MMD -MP -MF"Drivers/STM32L0xx_HAL_Driver/Src/stm32l0xx_hal_tim.d" -MT"Drivers/STM32L0xx_HAL_Driver/Src/stm32l0xx_hal_tim.o" --specs=nano.specs -mfloat-abi=soft -mthumb -o "Drivers/STM32L0xx_HAL_Driver/Src/stm32l0xx_hal_tim.o"
arm-none-eabi-gcc "../Drivers/STM32L0xx_HAL_Driver/Src/stm32l0xx_hal_tim_ex.c" -mcpu=cortex-m0plus -std=gnu11 -g3 -DDEBUG -DUSE_HAL_DRIVER -DSTM32L031xx -c -I../Core/Inc -I../Drivers/STM32L0xx_HAL_Driver/Inc -I../Drivers/STM32L0xx_HAL_Driver/Inc/Legacy -I../Drivers/CMSIS/Device/ST/STM32L0xx/Include -I../Drivers/CMSIS/Include -I"C:/Users/pontet/Documents/Git_Repos/Tetris_STM/Tetris_STM_code/ssd1306" -I"C:/Users/pontet/Documents/Git_Repos/Tetris_STM/Tetris_STM_code/tetrisGame" -O0 -ffunction-sections -fdata-sections -Wall -fstack-usage -fcyclomatic-complexity -MMD -MP -MF"Drivers/STM32L0xx_HAL_Driver/Src/stm32l0xx_hal_tim_ex.d" -MT"Drivers/STM32L0xx_HAL_Driver/Src/stm32l0xx_hal_tim_ex.o" --specs=nano.specs -mfloat-abi=soft -mthumb -o "Drivers/STM32L0xx_HAL_Driver/Src/stm32l0xx_hal_tim_ex.o"
arm-none-eabi-gcc "../Drivers/STM32L0xx_HAL_Driver/Src/stm32l0xx_hal_uart.c" -mcpu=cortex-m0plus -std=gnu11 -g3 -DDEBUG -DUSE_HAL_DRIVER -DSTM32L031xx -c -I../Core/Inc -I../Drivers/STM32L0xx_HAL_Driver/Inc -I../Drivers/STM32L0xx_HAL_Driver/Inc/Legacy -I../Drivers/CMSIS/Device/ST/STM32L0xx/Include -I../Drivers/CMSIS/Include -I"C:/Users/pontet/Documents/Git_Repos/Tetris_STM/Tetris_STM_code/ssd1306" -I"C:/Users/pontet/Documents/Git_Repos/Tetris_STM/Tetris_STM_code/tetrisGame" -O0 -ffunction-sections -fdata-sections -Wall -fstack-usage -fcyclomatic-complexity -MMD -MP -MF"Drivers/STM32L0xx_HAL_Driver/Src/stm32l0xx_hal_uart.d" -MT"Drivers/STM32L0xx_HAL_Driver/Src/stm32l0xx_hal_uart.o" --specs=nano.specs -mfloat-abi=soft -mthumb -o "Drivers/STM32L0xx_HAL_Driver/Src/stm32l0xx_hal_uart.o"
arm-none-eabi-gcc "../Drivers/STM32L0xx_HAL_Driver/Src/stm32l0xx_hal_uart_ex.c" -mcpu=cortex-m0plus -std=gnu11 -g3 -DDEBUG -DUSE_HAL_DRIVER -DSTM32L031xx -c -I../Core/Inc -I../Drivers/STM32L0xx_HAL_Driver/Inc -I../Drivers/STM32L0xx_HAL_Driver/Inc/Legacy -I../Drivers/CMSIS/Device/ST/STM32L0xx/Include -I../Drivers/CMSIS/Include -I"C:/Users/pontet/Documents/Git_Repos/Tetris_STM/Tetris_STM_code/ssd1306" -I"C:/Users/pontet/Documents/Git_Repos/Tetris_STM/Tetris_STM_code/tetrisGame" -O0 -ffunction-sections -fdata-sections -Wall -fstack-usage -fcyclomatic-complexity -MMD -MP -MF"Drivers/STM32L0xx_HAL_Driver/Src/stm32l0xx_hal_uart_ex.d" -MT"Drivers/STM32L0xx_HAL_Driver/Src/stm32l0xx_hal_uart_ex.o" --specs=nano.specs -mfloat-abi=soft -mthumb -o "Drivers/STM32L0xx_HAL_Driver/Src/stm32l0xx_hal_uart_ex.o"
arm-none-eabi-gcc -mcpu=cortex-m0plus -g3 -DDEBUG -c -I"C:/Users/pontet/Documents/Git_Repos/Tetris_STM/Tetris_STM_code/ssd1306" -I"C:/Users/pontet/Documents/Git_Repos/Tetris_STM/Tetris_STM_code/tetrisGame" -x assembler-with-cpp -MMD -MP -MF"Core/Startup/startup_stm32l031k6tx.d" -MT"Core/Startup/startup_stm32l031k6tx.o" --specs=nano.specs -mfloat-abi=soft -mthumb -o "Core/Startup/startup_stm32l031k6tx.o" "../Core/Startup/startup_stm32l031k6tx.s"
arm-none-eabi-gcc "../Core/Src/gpio.c" -mcpu=cortex-m0plus -std=gnu11 -g3 -DDEBUG -DUSE_HAL_DRIVER -DSTM32L031xx -c -I../Core/Inc -I../Drivers/STM32L0xx_HAL_Driver/Inc -I../Drivers/STM32L0xx_HAL_Driver/Inc/Legacy -I../Drivers/CMSIS/Device/ST/STM32L0xx/Include -I../Drivers/CMSIS/Include -I"C:/Users/pontet/Documents/Git_Repos/Tetris_STM/Tetris_STM_code/ssd1306" -I"C:/Users/pontet/Documents/Git_Repos/Tetris_STM/Tetris_STM_code/tetrisGame" -O0 -ffunction-sections -fdata-sections -Wall -fstack-usage -fcyclomatic-complexity -MMD -MP -MF"Core/Src/gpio.d" -MT"Core/Src/gpio.o" --specs=nano.specs -mfloat-abi=soft -mthumb -o "Core/Src/gpio.o"
arm-none-eabi-gcc "../Core/Src/i2c.c" -mcpu=cortex-m0plus -std=gnu11 -g3 -DDEBUG -DUSE_HAL_DRIVER -DSTM32L031xx -c -I../Core/Inc -I../Drivers/STM32L0xx_HAL_Driver/Inc -I../Drivers/STM32L0xx_HAL_Driver/Inc/Legacy -I../Drivers/CMSIS/Device/ST/STM32L0xx/Include -I../Drivers/CMSIS/Include -I"C:/Users/pontet/Documents/Git_Repos/Tetris_STM/Tetris_STM_code/ssd1306" -I"C:/Users/pontet/Documents/Git_Repos/Tetris_STM/Tetris_STM_code/tetrisGame" -O0 -ffunction-sections -fdata-sections -Wall -fstack-usage -fcyclomatic-complexity -MMD -MP -MF"Core/Src/i2c.d" -MT"Core/Src/i2c.o" --specs=nano.specs -mfloat-abi=soft -mthumb -o "Core/Src/i2c.o"
arm-none-eabi-gcc "../Core/Src/main.c" -mcpu=cortex-m0plus -std=gnu11 -g3 -DDEBUG -DUSE_HAL_DRIVER -DSTM32L031xx -c -I../Core/Inc -I../Drivers/STM32L0xx_HAL_Driver/Inc -I../Drivers/STM32L0xx_HAL_Driver/Inc/Legacy -I../Drivers/CMSIS/Device/ST/STM32L0xx/Include -I../Drivers/CMSIS/Include -I"C:/Users/pontet/Documents/Git_Repos/Tetris_STM/Tetris_STM_code/ssd1306" -I"C:/Users/pontet/Documents/Git_Repos/Tetris_STM/Tetris_STM_code/tetrisGame" -O0 -ffunction-sections -fdata-sections -Wall -fstack-usage -fcyclomatic-complexity -MMD -MP -MF"Core/Src/main.d" -MT"Core/Src/main.o" --specs=nano.specs -mfloat-abi=soft -mthumb -o "Core/Src/main.o"
arm-none-eabi-gcc "../Core/Src/stm32l0xx_hal_msp.c" -mcpu=cortex-m0plus -std=gnu11 -g3 -DDEBUG -DUSE_HAL_DRIVER -DSTM32L031xx -c -I../Core/Inc -I../Drivers/STM32L0xx_HAL_Driver/Inc -I../Drivers/STM32L0xx_HAL_Driver/Inc/Legacy -I../Drivers/CMSIS/Device/ST/STM32L0xx/Include -I../Drivers/CMSIS/Include -I"C:/Users/pontet/Documents/Git_Repos/Tetris_STM/Tetris_STM_code/ssd1306" -I"C:/Users/pontet/Documents/Git_Repos/Tetris_STM/Tetris_STM_code/tetrisGame" -O0 -ffunction-sections -fdata-sections -Wall -fstack-usage -fcyclomatic-complexity -MMD -MP -MF"Core/Src/stm32l0xx_hal_msp.d" -MT"Core/Src/stm32l0xx_hal_msp.o" --specs=nano.specs -mfloat-abi=soft -mthumb -o "Core/Src/stm32l0xx_hal_msp.o"
arm-none-eabi-gcc "../Core/Src/stm32l0xx_it.c" -mcpu=cortex-m0plus -std=gnu11 -g3 -DDEBUG -DUSE_HAL_DRIVER -DSTM32L031xx -c -I../Core/Inc -I../Drivers/STM32L0xx_HAL_Driver/Inc -I../Drivers/STM32L0xx_HAL_Driver/Inc/Legacy -I../Drivers/CMSIS/Device/ST/STM32L0xx/Include -I../Drivers/CMSIS/Include -I"C:/Users/pontet/Documents/Git_Repos/Tetris_STM/Tetris_STM_code/ssd1306" -I"C:/Users/pontet/Documents/Git_Repos/Tetris_STM/Tetris_STM_code/tetrisGame" -O0 -ffunction-sections -fdata-sections -Wall -fstack-usage -fcyclomatic-complexity -MMD -MP -MF"Core/Src/stm32l0xx_it.d" -MT"Core/Src/stm32l0xx_it.o" --specs=nano.specs -mfloat-abi=soft -mthumb -o "Core/Src/stm32l0xx_it.o"
arm-none-eabi-gcc "../Core/Src/syscalls.c" -mcpu=cortex-m0plus -std=gnu11 -g3 -DDEBUG -DUSE_HAL_DRIVER -DSTM32L031xx -c -I../Core/Inc -I../Drivers/STM32L0xx_HAL_Driver/Inc -I../Drivers/STM32L0xx_HAL_Driver/Inc/Legacy -I../Drivers/CMSIS/Device/ST/STM32L0xx/Include -I../Drivers/CMSIS/Include -I"C:/Users/pontet/Documents/Git_Repos/Tetris_STM/Tetris_STM_code/ssd1306" -I"C:/Users/pontet/Documents/Git_Repos/Tetris_STM/Tetris_STM_code/tetrisGame" -O0 -ffunction-sections -fdata-sections -Wall -fstack-usage -fcyclomatic-complexity -MMD -MP -MF"Core/Src/syscalls.d" -MT"Core/Src/syscalls.o" --specs=nano.specs -mfloat-abi=soft -mthumb -o "Core/Src/syscalls.o"
arm-none-eabi-gcc "../Core/Src/sysmem.c" -mcpu=cortex-m0plus -std=gnu11 -g3 -DDEBUG -DUSE_HAL_DRIVER -DSTM32L031xx -c -I../Core/Inc -I../Drivers/STM32L0xx_HAL_Driver/Inc -I../Drivers/STM32L0xx_HAL_Driver/Inc/Legacy -I../Drivers/CMSIS/Device/ST/STM32L0xx/Include -I../Drivers/CMSIS/Include -I"C:/Users/pontet/Documents/Git_Repos/Tetris_STM/Tetris_STM_code/ssd1306" -I"C:/Users/pontet/Documents/Git_Repos/Tetris_STM/Tetris_STM_code/tetrisGame" -O0 -ffunction-sections -fdata-sections -Wall -fstack-usage -fcyclomatic-complexity -MMD -MP -MF"Core/Src/sysmem.d" -MT"Core/Src/sysmem.o" --specs=nano.specs -mfloat-abi=soft -mthumb -o "Core/Src/sysmem.o"
arm-none-eabi-gcc "../Core/Src/system_stm32l0xx.c" -mcpu=cortex-m0plus -std=gnu11 -g3 -DDEBUG -DUSE_HAL_DRIVER -DSTM32L031xx -c -I../Core/Inc -I../Drivers/STM32L0xx_HAL_Driver/Inc -I../Drivers/STM32L0xx_HAL_Driver/Inc/Legacy -I../Drivers/CMSIS/Device/ST/STM32L0xx/Include -I../Drivers/CMSIS/Include -I"C:/Users/pontet/Documents/Git_Repos/Tetris_STM/Tetris_STM_code/ssd1306" -I"C:/Users/pontet/Documents/Git_Repos/Tetris_STM/Tetris_STM_code/tetrisGame" -O0 -ffunction-sections -fdata-sections -Wall -fstack-usage -fcyclomatic-complexity -MMD -MP -MF"Core/Src/system_stm32l0xx.d" -MT"Core/Src/system_stm32l0xx.o" --specs=nano.specs -mfloat-abi=soft -mthumb -o "Core/Src/system_stm32l0xx.o"
arm-none-eabi-gcc "../Core/Src/usart.c" -mcpu=cortex-m0plus -std=gnu11 -g3 -DDEBUG -DUSE_HAL_DRIVER -DSTM32L031xx -c -I../Core/Inc -I../Drivers/STM32L0xx_HAL_Driver/Inc -I../Drivers/STM32L0xx_HAL_Driver/Inc/Legacy -I../Drivers/CMSIS/Device/ST/STM32L0xx/Include -I../Drivers/CMSIS/Include -I"C:/Users/pontet/Documents/Git_Repos/Tetris_STM/Tetris_STM_code/ssd1306" -I"C:/Users/pontet/Documents/Git_Repos/Tetris_STM/Tetris_STM_code/tetrisGame" -O0 -ffunction-sections -fdata-sections -Wall -fstack-usage -fcyclomatic-complexity -MMD -MP -MF"Core/Src/usart.d" -MT"Core/Src/usart.o" --specs=nano.specs -mfloat-abi=soft -mthumb -o "Core/Src/usart.o"
arm-none-eabi-gcc -o "Tetris_STM_code.elf" @"objects.list"   -mcpu=cortex-m0plus -T"C:\Users\pontet\Documents\Git_Repos\Tetris_STM\Tetris_STM_code\STM32L031K6TX_FLASH.ld" --specs=nosys.specs -Wl,-Map="Tetris_STM_code.map" -Wl,--gc-sections -static --specs=nano.specs -mfloat-abi=soft -mthumb -Wl,--start-group -lc -lm -Wl,--end-group
Finished building target: Tetris_STM_code.elf
 
arm-none-eabi-size  Tetris_STM_code.elf 
arm-none-eabi-objdump -h -S Tetris_STM_code.elf  > "Tetris_STM_code.list"
   text	   data	    bss	    dec	    hex	filename
  13940	     20	   2820	  16780	   418c	Tetris_STM_code.elf
arm-none-eabi-objcopy  -O binary Tetris_STM_code.elf  "Tetris_STM_code.bin"
Finished building: default.size.stdout
 
Finished building: Tetris_STM_code.bin
 
Finished building: Tetris_STM_code.list
 
14:04:05 **** Incremental Build of configuration Debug for project Tetris_STM_code ****
make -j16 all 
arm-none-eabi-gcc "../tetrisGame/tetrisScoring.c" -mcpu=cortex-m0plus -std=gnu11 -g3 -DDEBUG -DUSE_HAL_DRIVER -DSTM32L031xx -c -I../Core/Inc -I"C:/Users/pontet/Documents/Git_Repos/Tetris_STM/Tetris_STM_code/tetrisGame" -I../Drivers/STM32L0xx_HAL_Driver/Inc -I../Drivers/STM32L0xx_HAL_Driver/Inc/Legacy -I../Drivers/CMSIS/Device/ST/STM32L0xx/Include -I../Drivers/CMSIS/Include -I"C:/Users/pontet/Documents/Git_Repos/Tetris_STM/Tetris_STM_code/ssd1306" -O0 -ffunction-sections -fdata-sections -Wall -fstack-usage -fcyclomatic-complexity -MMD -MP -MF"tetrisGame/tetrisScoring.d" -MT"tetrisGame/tetrisScoring.o" --specs=nano.specs -mfloat-abi=soft -mthumb -o "tetrisGame/tetrisScoring.o"
arm-none-eabi-gcc -o "Tetris_STM_code.elf" @"objects.list"   -mcpu=cortex-m0plus -T"C:\Users\pontet\Documents\Git_Repos\Tetris_STM\Tetris_STM_code\STM32L031K6TX_FLASH.ld" --specs=nosys.specs -Wl,-Map="Tetris_STM_code.map" -Wl,--gc-sections -static --specs=nano.specs -mfloat-abi=soft -mthumb -Wl,--start-group -lc -lm -Wl,--end-group
Finished building target: Tetris_STM_code.elf
 
arm-none-eabi-size  Tetris_STM_code.elf 
arm-none-eabi-objdump -h -S Tetris_STM_code.elf  > "Tetris_STM_code.list"
   text	   data	    bss	    dec	    hex	filename
  13940	     20	   2820	  16780	   418c	Tetris_STM_code.elf
arm-none-eabi-objcopy  -O binary Tetris_STM_code.elf  "Tetris_STM_code.bin"
Finished building: default.size.stdout
 
Finished building: Tetris_STM_code.bin
 
Finished building: Tetris_STM_code.list
 
14:04:42 **** Incremental Build of configuration Debug for project Tetris_STM_code ****
make -j16 all 
arm-none-eabi-gcc "../tetrisGame/tetrisScoring.c" -mcpu=cortex-m0plus -std=gnu11 -g3 -DDEBUG -DUSE_HAL_DRIVER -DSTM32L031xx -c -I../Core/Inc -I"C:/Users/pontet/Documents/Git_Repos/Tetris_STM/Tetris_STM_code/tetrisGame" -I../Drivers/STM32L0xx_HAL_Driver/Inc -I../Drivers/STM32L0xx_HAL_Driver/Inc/Legacy -I../Drivers/CMSIS/Device/ST/STM32L0xx/Include -I../Drivers/CMSIS/Include -I"C:/Users/pontet/Documents/Git_Repos/Tetris_STM/Tetris_STM_code/ssd1306" -O0 -ffunction-sections -fdata-sections -Wall -fstack-usage -fcyclomatic-complexity -MMD -MP -MF"tetrisGame/tetrisScoring.d" -MT"tetrisGame/tetrisScoring.o" --specs=nano.specs -mfloat-abi=soft -mthumb -o "tetrisGame/tetrisScoring.o"
arm-none-eabi-gcc -o "Tetris_STM_code.elf" @"objects.list"   -mcpu=cortex-m0plus -T"C:\Users\pontet\Documents\Git_Repos\Tetris_STM\Tetris_STM_code\STM32L031K6TX_FLASH.ld" --specs=nosys.specs -Wl,-Map="Tetris_STM_code.map" -Wl,--gc-sections -static --specs=nano.specs -mfloat-abi=soft -mthumb -Wl,--start-group -lc -lm -Wl,--end-group
Finished building target: Tetris_STM_code.elf
 
arm-none-eabi-size  Tetris_STM_code.elf 
arm-none-eabi-objdump -h -S Tetris_STM_code.elf  > "Tetris_STM_code.list"
   text	   data	    bss	    dec	    hex	filename
  13940	     20	   2820	  16780	   418c	Tetris_STM_code.elf
arm-none-eabi-objcopy  -O binary Tetris_STM_code.elf  "Tetris_STM_code.bin"
Finished building: default.size.stdout
 
Finished building: Tetris_STM_code.bin
 
Finished building: Tetris_STM_code.list
 
14:06:26 **** Incremental Build of configuration Debug for project Tetris_STM_code ****
make -j16 all 
arm-none-eabi-gcc "../tetrisGame/tetrisScoring.c" -mcpu=cortex-m0plus -std=gnu11 -g3 -DDEBUG -DUSE_HAL_DRIVER -DSTM32L031xx -c -I../Core/Inc -I"C:/Users/pontet/Documents/Git_Repos/Tetris_STM/Tetris_STM_code/tetrisGame" -I../Drivers/STM32L0xx_HAL_Driver/Inc -I../Drivers/STM32L0xx_HAL_Driver/Inc/Legacy -I../Drivers/CMSIS/Device/ST/STM32L0xx/Include -I../Drivers/CMSIS/Include -I"C:/Users/pontet/Documents/Git_Repos/Tetris_STM/Tetris_STM_code/ssd1306" -O0 -ffunction-sections -fdata-sections -Wall -fstack-usage -fcyclomatic-complexity -MMD -MP -MF"tetrisGame/tetrisScoring.d" -MT"tetrisGame/tetrisScoring.o" --specs=nano.specs -mfloat-abi=soft -mthumb -o "tetrisGame/tetrisScoring.o"
In file included from ../tetrisGame/tetrisScoring.c:1:
../tetrisGame/tetrisScoring.h:11:1: error: unknown type name 'uint16_t'
   11 | uint16_t score = 0;
      | ^~~~~~~~
../tetrisGame/tetrisScoring.h:1:1: note: 'uint16_t' is defined in header '<stdint.h>'; did you forget to '#include <stdint.h>'?
  +++ |+#include <stdint.h>
    1 | /*
../tetrisGame/tetrisScoring.c: In function 'getScore':
../tetrisGame/tetrisScoring.c:4:16: warning: 'return' with a value, in function returning void [-Wreturn-type]
    4 |         return score;
      |                ^~~~~
../tetrisGame/tetrisScoring.c:3:6: note: declared here
    3 | void getScore(){
      |      ^~~~~~~~
make: *** [tetrisGame/subdir.mk:19: tetrisGame/tetrisScoring.o] Error 1
"make -j16 all" terminated with exit code 2. Build might be incomplete.
14:06:32 **** Incremental Build of configuration Debug for project Tetris_STM_code ****
make -j16 all 
arm-none-eabi-gcc "../tetrisGame/tetrisScoring.c" -mcpu=cortex-m0plus -std=gnu11 -g3 -DDEBUG -DUSE_HAL_DRIVER -DSTM32L031xx -c -I../Core/Inc -I"C:/Users/pontet/Documents/Git_Repos/Tetris_STM/Tetris_STM_code/tetrisGame" -I../Drivers/STM32L0xx_HAL_Driver/Inc -I../Drivers/STM32L0xx_HAL_Driver/Inc/Legacy -I../Drivers/CMSIS/Device/ST/STM32L0xx/Include -I../Drivers/CMSIS/Include -I"C:/Users/pontet/Documents/Git_Repos/Tetris_STM/Tetris_STM_code/ssd1306" -O0 -ffunction-sections -fdata-sections -Wall -fstack-usage -fcyclomatic-complexity -MMD -MP -MF"tetrisGame/tetrisScoring.d" -MT"tetrisGame/tetrisScoring.o" --specs=nano.specs -mfloat-abi=soft -mthumb -o "tetrisGame/tetrisScoring.o"
In file included from ../tetrisGame/tetrisScoring.c:1:
../tetrisGame/tetrisScoring.h:11:1: error: unknown type name 'uint16_t'
   11 | uint16_t score = 0;
      | ^~~~~~~~
../tetrisGame/tetrisScoring.h:1:1: note: 'uint16_t' is defined in header '<stdint.h>'; did you forget to '#include <stdint.h>'?
  +++ |+#include <stdint.h>
    1 | /*
../tetrisGame/tetrisScoring.h:13:1: error: unknown type name 'uint16_t'
   13 | uint16_t getScore();
      | ^~~~~~~~
../tetrisGame/tetrisScoring.h:13:1: note: 'uint16_t' is defined in header '<stdint.h>'; did you forget to '#include <stdint.h>'?
../tetrisGame/tetrisScoring.c:3:1: error: unknown type name 'uint16_t'
    3 | uint16_t getScore(){
      | ^~~~~~~~
../tetrisGame/tetrisScoring.c:2:1: note: 'uint16_t' is defined in header '<stdint.h>'; did you forget to '#include <stdint.h>'?
    1 | #include "tetrisScoring.h"
  +++ |+#include <stdint.h>
    2 | 
make: *** [tetrisGame/subdir.mk:19: tetrisGame/tetrisScoring.o] Error 1
"make -j16 all" terminated with exit code 2. Build might be incomplete.
14:06:50 **** Incremental Build of configuration Debug for project Tetris_STM_code ****
make -j16 all 
arm-none-eabi-gcc "../tetrisGame/tetrisScoring.c" -mcpu=cortex-m0plus -std=gnu11 -g3 -DDEBUG -DUSE_HAL_DRIVER -DSTM32L031xx -c -I../Core/Inc -I"C:/Users/pontet/Documents/Git_Repos/Tetris_STM/Tetris_STM_code/tetrisGame" -I../Drivers/STM32L0xx_HAL_Driver/Inc -I../Drivers/STM32L0xx_HAL_Driver/Inc/Legacy -I../Drivers/CMSIS/Device/ST/STM32L0xx/Include -I../Drivers/CMSIS/Include -I"C:/Users/pontet/Documents/Git_Repos/Tetris_STM/Tetris_STM_code/ssd1306" -O0 -ffunction-sections -fdata-sections -Wall -fstack-usage -fcyclomatic-complexity -MMD -MP -MF"tetrisGame/tetrisScoring.d" -MT"tetrisGame/tetrisScoring.o" --specs=nano.specs -mfloat-abi=soft -mthumb -o "tetrisGame/tetrisScoring.o"
arm-none-eabi-gcc -o "Tetris_STM_code.elf" @"objects.list"   -mcpu=cortex-m0plus -T"C:\Users\pontet\Documents\Git_Repos\Tetris_STM\Tetris_STM_code\STM32L031K6TX_FLASH.ld" --specs=nosys.specs -Wl,-Map="Tetris_STM_code.map" -Wl,--gc-sections -static --specs=nano.specs -mfloat-abi=soft -mthumb -Wl,--start-group -lc -lm -Wl,--end-group
Finished building target: Tetris_STM_code.elf
 
arm-none-eabi-size  Tetris_STM_code.elf 
arm-none-eabi-objdump -h -S Tetris_STM_code.elf  > "Tetris_STM_code.list"
   text	   data	    bss	    dec	    hex	filename
  13940	     20	   2820	  16780	   418c	Tetris_STM_code.elf
arm-none-eabi-objcopy  -O binary Tetris_STM_code.elf  "Tetris_STM_code.bin"
Finished building: default.size.stdout
 
Finished building: Tetris_STM_code.bin
 
Finished building: Tetris_STM_code.list
 
14:07:38 **** Incremental Build of configuration Debug for project Tetris_STM_code ****
make -j16 all 
arm-none-eabi-gcc "../tetrisGame/tetrisScoring.c" -mcpu=cortex-m0plus -std=gnu11 -g3 -DDEBUG -DUSE_HAL_DRIVER -DSTM32L031xx -c -I../Core/Inc -I"C:/Users/pontet/Documents/Git_Repos/Tetris_STM/Tetris_STM_code/tetrisGame" -I../Drivers/STM32L0xx_HAL_Driver/Inc -I../Drivers/STM32L0xx_HAL_Driver/Inc/Legacy -I../Drivers/CMSIS/Device/ST/STM32L0xx/Include -I../Drivers/CMSIS/Include -I"C:/Users/pontet/Documents/Git_Repos/Tetris_STM/Tetris_STM_code/ssd1306" -O0 -ffunction-sections -fdata-sections -Wall -fstack-usage -fcyclomatic-complexity -MMD -MP -MF"tetrisGame/tetrisScoring.d" -MT"tetrisGame/tetrisScoring.o" --specs=nano.specs -mfloat-abi=soft -mthumb -o "tetrisGame/tetrisScoring.o"
arm-none-eabi-gcc -o "Tetris_STM_code.elf" @"objects.list"   -mcpu=cortex-m0plus -T"C:\Users\pontet\Documents\Git_Repos\Tetris_STM\Tetris_STM_code\STM32L031K6TX_FLASH.ld" --specs=nosys.specs -Wl,-Map="Tetris_STM_code.map" -Wl,--gc-sections -static --specs=nano.specs -mfloat-abi=soft -mthumb -Wl,--start-group -lc -lm -Wl,--end-group
Finished building target: Tetris_STM_code.elf
 
arm-none-eabi-size  Tetris_STM_code.elf 
arm-none-eabi-objdump -h -S Tetris_STM_code.elf  > "Tetris_STM_code.list"
   text	   data	    bss	    dec	    hex	filename
  13940	     20	   2820	  16780	   418c	Tetris_STM_code.elf
arm-none-eabi-objcopy  -O binary Tetris_STM_code.elf  "Tetris_STM_code.bin"
Finished building: default.size.stdout
 
Finished building: Tetris_STM_code.bin
 
Finished building: Tetris_STM_code.list
 
14:07:48 **** Incremental Build of configuration Debug for project Tetris_STM_code ****
make -j16 all 
arm-none-eabi-gcc "../tetrisGame/tetrisScoring.c" -mcpu=cortex-m0plus -std=gnu11 -g3 -DDEBUG -DUSE_HAL_DRIVER -DSTM32L031xx -c -I../Core/Inc -I"C:/Users/pontet/Documents/Git_Repos/Tetris_STM/Tetris_STM_code/tetrisGame" -I../Drivers/STM32L0xx_HAL_Driver/Inc -I../Drivers/STM32L0xx_HAL_Driver/Inc/Legacy -I../Drivers/CMSIS/Device/ST/STM32L0xx/Include -I../Drivers/CMSIS/Include -I"C:/Users/pontet/Documents/Git_Repos/Tetris_STM/Tetris_STM_code/ssd1306" -O0 -ffunction-sections -fdata-sections -Wall -fstack-usage -fcyclomatic-complexity -MMD -MP -MF"tetrisGame/tetrisScoring.d" -MT"tetrisGame/tetrisScoring.o" --specs=nano.specs -mfloat-abi=soft -mthumb -o "tetrisGame/tetrisScoring.o"
arm-none-eabi-gcc -o "Tetris_STM_code.elf" @"objects.list"   -mcpu=cortex-m0plus -T"C:\Users\pontet\Documents\Git_Repos\Tetris_STM\Tetris_STM_code\STM32L031K6TX_FLASH.ld" --specs=nosys.specs -Wl,-Map="Tetris_STM_code.map" -Wl,--gc-sections -static --specs=nano.specs -mfloat-abi=soft -mthumb -Wl,--start-group -lc -lm -Wl,--end-group
Finished building target: Tetris_STM_code.elf
 
arm-none-eabi-size  Tetris_STM_code.elf 
arm-none-eabi-objdump -h -S Tetris_STM_code.elf  > "Tetris_STM_code.list"
   text	   data	    bss	    dec	    hex	filename
  13940	     20	   2820	  16780	   418c	Tetris_STM_code.elf
arm-none-eabi-objcopy  -O binary Tetris_STM_code.elf  "Tetris_STM_code.bin"
Finished building: default.size.stdout
 
Finished building: Tetris_STM_code.bin
 
Finished building: Tetris_STM_code.list
 
14:22:38 **** Incremental Build of configuration Debug for project Tetris_STM_code ****
make -j16 all 
arm-none-eabi-gcc "../tetrisGame/tetrisScoring.c" -mcpu=cortex-m0plus -std=gnu11 -g3 -DDEBUG -DUSE_HAL_DRIVER -DSTM32L031xx -c -I../Core/Inc -I"C:/Users/pontet/Documents/Git_Repos/Tetris_STM/Tetris_STM_code/tetrisGame" -I../Drivers/STM32L0xx_HAL_Driver/Inc -I../Drivers/STM32L0xx_HAL_Driver/Inc/Legacy -I../Drivers/CMSIS/Device/ST/STM32L0xx/Include -I../Drivers/CMSIS/Include -I"C:/Users/pontet/Documents/Git_Repos/Tetris_STM/Tetris_STM_code/ssd1306" -O0 -ffunction-sections -fdata-sections -Wall -fstack-usage -fcyclomatic-complexity -MMD -MP -MF"tetrisGame/tetrisScoring.d" -MT"tetrisGame/tetrisScoring.o" --specs=nano.specs -mfloat-abi=soft -mthumb -o "tetrisGame/tetrisScoring.o"
arm-none-eabi-gcc -o "Tetris_STM_code.elf" @"objects.list"   -mcpu=cortex-m0plus -T"C:\Users\pontet\Documents\Git_Repos\Tetris_STM\Tetris_STM_code\STM32L031K6TX_FLASH.ld" --specs=nosys.specs -Wl,-Map="Tetris_STM_code.map" -Wl,--gc-sections -static --specs=nano.specs -mfloat-abi=soft -mthumb -Wl,--start-group -lc -lm -Wl,--end-group
Finished building target: Tetris_STM_code.elf
 
arm-none-eabi-size  Tetris_STM_code.elf 
arm-none-eabi-objdump -h -S Tetris_STM_code.elf  > "Tetris_STM_code.list"
   text	   data	    bss	    dec	    hex	filename
  13940	     20	   2820	  16780	   418c	Tetris_STM_code.elf
arm-none-eabi-objcopy  -O binary Tetris_STM_code.elf  "Tetris_STM_code.bin"
Finished building: default.size.stdout
 
Finished building: Tetris_STM_code.bin
 
Finished building: Tetris_STM_code.list
 
14:23:24 **** Incremental Build of configuration Debug for project Tetris_STM_code ****
make -j16 all 
arm-none-eabi-gcc "../tetrisGame/tetrisScoring.c" -mcpu=cortex-m0plus -std=gnu11 -g3 -DDEBUG -DUSE_HAL_DRIVER -DSTM32L031xx -c -I../Core/Inc -I"C:/Users/pontet/Documents/Git_Repos/Tetris_STM/Tetris_STM_code/tetrisGame" -I../Drivers/STM32L0xx_HAL_Driver/Inc -I../Drivers/STM32L0xx_HAL_Driver/Inc/Legacy -I../Drivers/CMSIS/Device/ST/STM32L0xx/Include -I../Drivers/CMSIS/Include -I"C:/Users/pontet/Documents/Git_Repos/Tetris_STM/Tetris_STM_code/ssd1306" -O0 -ffunction-sections -fdata-sections -Wall -fstack-usage -fcyclomatic-complexity -MMD -MP -MF"tetrisGame/tetrisScoring.d" -MT"tetrisGame/tetrisScoring.o" --specs=nano.specs -mfloat-abi=soft -mthumb -o "tetrisGame/tetrisScoring.o"
arm-none-eabi-gcc -o "Tetris_STM_code.elf" @"objects.list"   -mcpu=cortex-m0plus -T"C:\Users\pontet\Documents\Git_Repos\Tetris_STM\Tetris_STM_code\STM32L031K6TX_FLASH.ld" --specs=nosys.specs -Wl,-Map="Tetris_STM_code.map" -Wl,--gc-sections -static --specs=nano.specs -mfloat-abi=soft -mthumb -Wl,--start-group -lc -lm -Wl,--end-group
Finished building target: Tetris_STM_code.elf
 
arm-none-eabi-size  Tetris_STM_code.elf 
arm-none-eabi-objdump -h -S Tetris_STM_code.elf  > "Tetris_STM_code.list"
   text	   data	    bss	    dec	    hex	filename
  13940	     20	   2820	  16780	   418c	Tetris_STM_code.elf
arm-none-eabi-objcopy  -O binary Tetris_STM_code.elf  "Tetris_STM_code.bin"
Finished building: default.size.stdout
 
Finished building: Tetris_STM_code.bin
 
Finished building: Tetris_STM_code.list
 
14:23:41 **** Incremental Build of configuration Debug for project Tetris_STM_code ****
make -j16 all 
arm-none-eabi-gcc "../tetrisGame/tetrisScoring.c" -mcpu=cortex-m0plus -std=gnu11 -g3 -DDEBUG -DUSE_HAL_DRIVER -DSTM32L031xx -c -I../Core/Inc -I"C:/Users/pontet/Documents/Git_Repos/Tetris_STM/Tetris_STM_code/tetrisGame" -I../Drivers/STM32L0xx_HAL_Driver/Inc -I../Drivers/STM32L0xx_HAL_Driver/Inc/Legacy -I../Drivers/CMSIS/Device/ST/STM32L0xx/Include -I../Drivers/CMSIS/Include -I"C:/Users/pontet/Documents/Git_Repos/Tetris_STM/Tetris_STM_code/ssd1306" -O0 -ffunction-sections -fdata-sections -Wall -fstack-usage -fcyclomatic-complexity -MMD -MP -MF"tetrisGame/tetrisScoring.d" -MT"tetrisGame/tetrisScoring.o" --specs=nano.specs -mfloat-abi=soft -mthumb -o "tetrisGame/tetrisScoring.o"
arm-none-eabi-gcc -o "Tetris_STM_code.elf" @"objects.list"   -mcpu=cortex-m0plus -T"C:\Users\pontet\Documents\Git_Repos\Tetris_STM\Tetris_STM_code\STM32L031K6TX_FLASH.ld" --specs=nosys.specs -Wl,-Map="Tetris_STM_code.map" -Wl,--gc-sections -static --specs=nano.specs -mfloat-abi=soft -mthumb -Wl,--start-group -lc -lm -Wl,--end-group
Finished building target: Tetris_STM_code.elf
 
arm-none-eabi-size  Tetris_STM_code.elf 
arm-none-eabi-objdump -h -S Tetris_STM_code.elf  > "Tetris_STM_code.list"
   text	   data	    bss	    dec	    hex	filename
  13940	     20	   2820	  16780	   418c	Tetris_STM_code.elf
arm-none-eabi-objcopy  -O binary Tetris_STM_code.elf  "Tetris_STM_code.bin"
Finished building: default.size.stdout
 
Finished building: Tetris_STM_code.bin
 
Finished building: Tetris_STM_code.list
 
14:25:25 **** Incremental Build of configuration Debug for project Tetris_STM_code ****
make -j16 all 
arm-none-eabi-gcc "../tetrisGame/tetrisScoring.c" -mcpu=cortex-m0plus -std=gnu11 -g3 -DDEBUG -DUSE_HAL_DRIVER -DSTM32L031xx -c -I../Core/Inc -I"C:/Users/pontet/Documents/Git_Repos/Tetris_STM/Tetris_STM_code/tetrisGame" -I../Drivers/STM32L0xx_HAL_Driver/Inc -I../Drivers/STM32L0xx_HAL_Driver/Inc/Legacy -I../Drivers/CMSIS/Device/ST/STM32L0xx/Include -I../Drivers/CMSIS/Include -I"C:/Users/pontet/Documents/Git_Repos/Tetris_STM/Tetris_STM_code/ssd1306" -O0 -ffunction-sections -fdata-sections -Wall -fstack-usage -fcyclomatic-complexity -MMD -MP -MF"tetrisGame/tetrisScoring.d" -MT"tetrisGame/tetrisScoring.o" --specs=nano.specs -mfloat-abi=soft -mthumb -o "tetrisGame/tetrisScoring.o"
arm-none-eabi-gcc -o "Tetris_STM_code.elf" @"objects.list"   -mcpu=cortex-m0plus -T"C:\Users\pontet\Documents\Git_Repos\Tetris_STM\Tetris_STM_code\STM32L031K6TX_FLASH.ld" --specs=nosys.specs -Wl,-Map="Tetris_STM_code.map" -Wl,--gc-sections -static --specs=nano.specs -mfloat-abi=soft -mthumb -Wl,--start-group -lc -lm -Wl,--end-group
Finished building target: Tetris_STM_code.elf
 
arm-none-eabi-size  Tetris_STM_code.elf 
arm-none-eabi-objdump -h -S Tetris_STM_code.elf  > "Tetris_STM_code.list"
   text	   data	    bss	    dec	    hex	filename
  13940	     20	   2820	  16780	   418c	Tetris_STM_code.elf
arm-none-eabi-objcopy  -O binary Tetris_STM_code.elf  "Tetris_STM_code.bin"
Finished building: default.size.stdout
 
Finished building: Tetris_STM_code.bin
 
Finished building: Tetris_STM_code.list
 
14:25:46 **** Incremental Build of configuration Debug for project Tetris_STM_code ****
make -j16 all 
arm-none-eabi-gcc "../tetrisGame/tetrisScoring.c" -mcpu=cortex-m0plus -std=gnu11 -g3 -DDEBUG -DUSE_HAL_DRIVER -DSTM32L031xx -c -I../Core/Inc -I"C:/Users/pontet/Documents/Git_Repos/Tetris_STM/Tetris_STM_code/tetrisGame" -I../Drivers/STM32L0xx_HAL_Driver/Inc -I../Drivers/STM32L0xx_HAL_Driver/Inc/Legacy -I../Drivers/CMSIS/Device/ST/STM32L0xx/Include -I../Drivers/CMSIS/Include -I"C:/Users/pontet/Documents/Git_Repos/Tetris_STM/Tetris_STM_code/ssd1306" -O0 -ffunction-sections -fdata-sections -Wall -fstack-usage -fcyclomatic-complexity -MMD -MP -MF"tetrisGame/tetrisScoring.d" -MT"tetrisGame/tetrisScoring.o" --specs=nano.specs -mfloat-abi=soft -mthumb -o "tetrisGame/tetrisScoring.o"
arm-none-eabi-gcc -o "Tetris_STM_code.elf" @"objects.list"   -mcpu=cortex-m0plus -T"C:\Users\pontet\Documents\Git_Repos\Tetris_STM\Tetris_STM_code\STM32L031K6TX_FLASH.ld" --specs=nosys.specs -Wl,-Map="Tetris_STM_code.map" -Wl,--gc-sections -static --specs=nano.specs -mfloat-abi=soft -mthumb -Wl,--start-group -lc -lm -Wl,--end-group
Finished building target: Tetris_STM_code.elf
 
arm-none-eabi-size  Tetris_STM_code.elf 
arm-none-eabi-objdump -h -S Tetris_STM_code.elf  > "Tetris_STM_code.list"
   text	   data	    bss	    dec	    hex	filename
  13940	     20	   2820	  16780	   418c	Tetris_STM_code.elf
arm-none-eabi-objcopy  -O binary Tetris_STM_code.elf  "Tetris_STM_code.bin"
Finished building: default.size.stdout
 
Finished building: Tetris_STM_code.bin
 
Finished building: Tetris_STM_code.list
 
14:26:12 **** Incremental Build of configuration Debug for project Tetris_STM_code ****
make -j16 all 
arm-none-eabi-gcc "../tetrisGame/tetrisScoring.c" -mcpu=cortex-m0plus -std=gnu11 -g3 -DDEBUG -DUSE_HAL_DRIVER -DSTM32L031xx -c -I../Core/Inc -I"C:/Users/pontet/Documents/Git_Repos/Tetris_STM/Tetris_STM_code/tetrisGame" -I../Drivers/STM32L0xx_HAL_Driver/Inc -I../Drivers/STM32L0xx_HAL_Driver/Inc/Legacy -I../Drivers/CMSIS/Device/ST/STM32L0xx/Include -I../Drivers/CMSIS/Include -I"C:/Users/pontet/Documents/Git_Repos/Tetris_STM/Tetris_STM_code/ssd1306" -O0 -ffunction-sections -fdata-sections -Wall -fstack-usage -fcyclomatic-complexity -MMD -MP -MF"tetrisGame/tetrisScoring.d" -MT"tetrisGame/tetrisScoring.o" --specs=nano.specs -mfloat-abi=soft -mthumb -o "tetrisGame/tetrisScoring.o"
arm-none-eabi-gcc -o "Tetris_STM_code.elf" @"objects.list"   -mcpu=cortex-m0plus -T"C:\Users\pontet\Documents\Git_Repos\Tetris_STM\Tetris_STM_code\STM32L031K6TX_FLASH.ld" --specs=nosys.specs -Wl,-Map="Tetris_STM_code.map" -Wl,--gc-sections -static --specs=nano.specs -mfloat-abi=soft -mthumb -Wl,--start-group -lc -lm -Wl,--end-group
Finished building target: Tetris_STM_code.elf
 
arm-none-eabi-size  Tetris_STM_code.elf 
arm-none-eabi-objdump -h -S Tetris_STM_code.elf  > "Tetris_STM_code.list"
   text	   data	    bss	    dec	    hex	filename
  13940	     20	   2820	  16780	   418c	Tetris_STM_code.elf
arm-none-eabi-objcopy  -O binary Tetris_STM_code.elf  "Tetris_STM_code.bin"
Finished building: default.size.stdout
 
Finished building: Tetris_STM_code.bin
 
Finished building: Tetris_STM_code.list
 
14:26:23 **** Incremental Build of configuration Debug for project Tetris_STM_code ****
make -j16 all 
arm-none-eabi-gcc "../tetrisGame/tetrisScoring.c" -mcpu=cortex-m0plus -std=gnu11 -g3 -DDEBUG -DUSE_HAL_DRIVER -DSTM32L031xx -c -I../Core/Inc -I"C:/Users/pontet/Documents/Git_Repos/Tetris_STM/Tetris_STM_code/tetrisGame" -I../Drivers/STM32L0xx_HAL_Driver/Inc -I../Drivers/STM32L0xx_HAL_Driver/Inc/Legacy -I../Drivers/CMSIS/Device/ST/STM32L0xx/Include -I../Drivers/CMSIS/Include -I"C:/Users/pontet/Documents/Git_Repos/Tetris_STM/Tetris_STM_code/ssd1306" -O0 -ffunction-sections -fdata-sections -Wall -fstack-usage -fcyclomatic-complexity -MMD -MP -MF"tetrisGame/tetrisScoring.d" -MT"tetrisGame/tetrisScoring.o" --specs=nano.specs -mfloat-abi=soft -mthumb -o "tetrisGame/tetrisScoring.o"
arm-none-eabi-gcc -o "Tetris_STM_code.elf" @"objects.list"   -mcpu=cortex-m0plus -T"C:\Users\pontet\Documents\Git_Repos\Tetris_STM\Tetris_STM_code\STM32L031K6TX_FLASH.ld" --specs=nosys.specs -Wl,-Map="Tetris_STM_code.map" -Wl,--gc-sections -static --specs=nano.specs -mfloat-abi=soft -mthumb -Wl,--start-group -lc -lm -Wl,--end-group
Finished building target: Tetris_STM_code.elf
 
arm-none-eabi-size  Tetris_STM_code.elf 
arm-none-eabi-objdump -h -S Tetris_STM_code.elf  > "Tetris_STM_code.list"
   text	   data	    bss	    dec	    hex	filename
  13940	     20	   2820	  16780	   418c	Tetris_STM_code.elf
arm-none-eabi-objcopy  -O binary Tetris_STM_code.elf  "Tetris_STM_code.bin"
Finished building: default.size.stdout
 
Finished building: Tetris_STM_code.bin
 
Finished building: Tetris_STM_code.list
 
14:26:41 **** Incremental Build of configuration Debug for project Tetris_STM_code ****
make -j16 all 
arm-none-eabi-gcc "../ssd1306/ssd1306.c" -mcpu=cortex-m0plus -std=gnu11 -g3 -DDEBUG -DUSE_HAL_DRIVER -DSTM32L031xx -c -I../Core/Inc -I../Drivers/STM32L0xx_HAL_Driver/Inc -I../Drivers/STM32L0xx_HAL_Driver/Inc/Legacy -I../Drivers/CMSIS/Device/ST/STM32L0xx/Include -I../Drivers/CMSIS/Include -I"C:/Users/pontet/Documents/Git_Repos/Tetris_STM/Tetris_STM_code/ssd1306" -I"C:/Users/pontet/Documents/Git_Repos/Tetris_STM/Tetris_STM_code/tetrisGame" -O0 -ffunction-sections -fdata-sections -Wall -fstack-usage -fcyclomatic-complexity -MMD -MP -MF"ssd1306/ssd1306.d" -MT"ssd1306/ssd1306.o" --specs=nano.specs -mfloat-abi=soft -mthumb -o "ssd1306/ssd1306.o"
arm-none-eabi-gcc "../ssd1306/ssd1306_fonts.c" -mcpu=cortex-m0plus -std=gnu11 -g3 -DDEBUG -DUSE_HAL_DRIVER -DSTM32L031xx -c -I../Core/Inc -I../Drivers/STM32L0xx_HAL_Driver/Inc -I../Drivers/STM32L0xx_HAL_Driver/Inc/Legacy -I../Drivers/CMSIS/Device/ST/STM32L0xx/Include -I../Drivers/CMSIS/Include -I"C:/Users/pontet/Documents/Git_Repos/Tetris_STM/Tetris_STM_code/ssd1306" -I"C:/Users/pontet/Documents/Git_Repos/Tetris_STM/Tetris_STM_code/tetrisGame" -O0 -ffunction-sections -fdata-sections -Wall -fstack-usage -fcyclomatic-complexity -MMD -MP -MF"ssd1306/ssd1306_fonts.d" -MT"ssd1306/ssd1306_fonts.o" --specs=nano.specs -mfloat-abi=soft -mthumb -o "ssd1306/ssd1306_fonts.o"
arm-none-eabi-gcc "../ssd1306/ssd1306_tests.c" -mcpu=cortex-m0plus -std=gnu11 -g3 -DDEBUG -DUSE_HAL_DRIVER -DSTM32L031xx -c -I../Core/Inc -I../Drivers/STM32L0xx_HAL_Driver/Inc -I../Drivers/STM32L0xx_HAL_Driver/Inc/Legacy -I../Drivers/CMSIS/Device/ST/STM32L0xx/Include -I../Drivers/CMSIS/Include -I"C:/Users/pontet/Documents/Git_Repos/Tetris_STM/Tetris_STM_code/ssd1306" -I"C:/Users/pontet/Documents/Git_Repos/Tetris_STM/Tetris_STM_code/tetrisGame" -O0 -ffunction-sections -fdata-sections -Wall -fstack-usage -fcyclomatic-complexity -MMD -MP -MF"ssd1306/ssd1306_tests.d" -MT"ssd1306/ssd1306_tests.o" --specs=nano.specs -mfloat-abi=soft -mthumb -o "ssd1306/ssd1306_tests.o"
arm-none-eabi-gcc "../Core/Src/main.c" -mcpu=cortex-m0plus -std=gnu11 -g3 -DDEBUG -DUSE_HAL_DRIVER -DSTM32L031xx -c -I../Core/Inc -I../Drivers/STM32L0xx_HAL_Driver/Inc -I../Drivers/STM32L0xx_HAL_Driver/Inc/Legacy -I../Drivers/CMSIS/Device/ST/STM32L0xx/Include -I../Drivers/CMSIS/Include -I"C:/Users/pontet/Documents/Git_Repos/Tetris_STM/Tetris_STM_code/ssd1306" -I"C:/Users/pontet/Documents/Git_Repos/Tetris_STM/Tetris_STM_code/tetrisGame" -O0 -ffunction-sections -fdata-sections -Wall -fstack-usage -fcyclomatic-complexity -MMD -MP -MF"Core/Src/main.d" -MT"Core/Src/main.o" --specs=nano.specs -mfloat-abi=soft -mthumb -o "Core/Src/main.o"
arm-none-eabi-gcc -o "Tetris_STM_code.elf" @"objects.list"   -mcpu=cortex-m0plus -T"C:\Users\pontet\Documents\Git_Repos\Tetris_STM\Tetris_STM_code\STM32L031K6TX_FLASH.ld" --specs=nosys.specs -Wl,-Map="Tetris_STM_code.map" -Wl,--gc-sections -static --specs=nano.specs -mfloat-abi=soft -mthumb -Wl,--start-group -lc -lm -Wl,--end-group
Finished building target: Tetris_STM_code.elf
 
arm-none-eabi-size  Tetris_STM_code.elf 
arm-none-eabi-objdump -h -S Tetris_STM_code.elf  > "Tetris_STM_code.list"
   text	   data	    bss	    dec	    hex	filename
  13940	     20	   2820	  16780	   418c	Tetris_STM_code.elf
arm-none-eabi-objcopy  -O binary Tetris_STM_code.elf  "Tetris_STM_code.bin"
Finished building: default.size.stdout
 
Finished building: Tetris_STM_code.bin
 
Finished building: Tetris_STM_code.list
 
14:27:28 **** Incremental Build of configuration Debug for project Tetris_STM_code ****
make -j16 all 
arm-none-eabi-gcc "../ssd1306/ssd1306.c" -mcpu=cortex-m0plus -std=gnu11 -g3 -DDEBUG -DUSE_HAL_DRIVER -DSTM32L031xx -c -I../Core/Inc -I../Drivers/STM32L0xx_HAL_Driver/Inc -I../Drivers/STM32L0xx_HAL_Driver/Inc/Legacy -I../Drivers/CMSIS/Device/ST/STM32L0xx/Include -I../Drivers/CMSIS/Include -I"C:/Users/pontet/Documents/Git_Repos/Tetris_STM/Tetris_STM_code/ssd1306" -I"C:/Users/pontet/Documents/Git_Repos/Tetris_STM/Tetris_STM_code/tetrisGame" -O0 -ffunction-sections -fdata-sections -Wall -fstack-usage -fcyclomatic-complexity -MMD -MP -MF"ssd1306/ssd1306.d" -MT"ssd1306/ssd1306.o" --specs=nano.specs -mfloat-abi=soft -mthumb -o "ssd1306/ssd1306.o"
arm-none-eabi-gcc "../ssd1306/ssd1306_fonts.c" -mcpu=cortex-m0plus -std=gnu11 -g3 -DDEBUG -DUSE_HAL_DRIVER -DSTM32L031xx -c -I../Core/Inc -I../Drivers/STM32L0xx_HAL_Driver/Inc -I../Drivers/STM32L0xx_HAL_Driver/Inc/Legacy -I../Drivers/CMSIS/Device/ST/STM32L0xx/Include -I../Drivers/CMSIS/Include -I"C:/Users/pontet/Documents/Git_Repos/Tetris_STM/Tetris_STM_code/ssd1306" -I"C:/Users/pontet/Documents/Git_Repos/Tetris_STM/Tetris_STM_code/tetrisGame" -O0 -ffunction-sections -fdata-sections -Wall -fstack-usage -fcyclomatic-complexity -MMD -MP -MF"ssd1306/ssd1306_fonts.d" -MT"ssd1306/ssd1306_fonts.o" --specs=nano.specs -mfloat-abi=soft -mthumb -o "ssd1306/ssd1306_fonts.o"
arm-none-eabi-gcc "../ssd1306/ssd1306_tests.c" -mcpu=cortex-m0plus -std=gnu11 -g3 -DDEBUG -DUSE_HAL_DRIVER -DSTM32L031xx -c -I../Core/Inc -I../Drivers/STM32L0xx_HAL_Driver/Inc -I../Drivers/STM32L0xx_HAL_Driver/Inc/Legacy -I../Drivers/CMSIS/Device/ST/STM32L0xx/Include -I../Drivers/CMSIS/Include -I"C:/Users/pontet/Documents/Git_Repos/Tetris_STM/Tetris_STM_code/ssd1306" -I"C:/Users/pontet/Documents/Git_Repos/Tetris_STM/Tetris_STM_code/tetrisGame" -O0 -ffunction-sections -fdata-sections -Wall -fstack-usage -fcyclomatic-complexity -MMD -MP -MF"ssd1306/ssd1306_tests.d" -MT"ssd1306/ssd1306_tests.o" --specs=nano.specs -mfloat-abi=soft -mthumb -o "ssd1306/ssd1306_tests.o"
arm-none-eabi-gcc "../Core/Src/main.c" -mcpu=cortex-m0plus -std=gnu11 -g3 -DDEBUG -DUSE_HAL_DRIVER -DSTM32L031xx -c -I../Core/Inc -I../Drivers/STM32L0xx_HAL_Driver/Inc -I../Drivers/STM32L0xx_HAL_Driver/Inc/Legacy -I../Drivers/CMSIS/Device/ST/STM32L0xx/Include -I../Drivers/CMSIS/Include -I"C:/Users/pontet/Documents/Git_Repos/Tetris_STM/Tetris_STM_code/ssd1306" -I"C:/Users/pontet/Documents/Git_Repos/Tetris_STM/Tetris_STM_code/tetrisGame" -O0 -ffunction-sections -fdata-sections -Wall -fstack-usage -fcyclomatic-complexity -MMD -MP -MF"Core/Src/main.d" -MT"Core/Src/main.o" --specs=nano.specs -mfloat-abi=soft -mthumb -o "Core/Src/main.o"
arm-none-eabi-gcc -o "Tetris_STM_code.elf" @"objects.list"   -mcpu=cortex-m0plus -T"C:\Users\pontet\Documents\Git_Repos\Tetris_STM\Tetris_STM_code\STM32L031K6TX_FLASH.ld" --specs=nosys.specs -Wl,-Map="Tetris_STM_code.map" -Wl,--gc-sections -static --specs=nano.specs -mfloat-abi=soft -mthumb -Wl,--start-group -lc -lm -Wl,--end-group
Finished building target: Tetris_STM_code.elf
 
arm-none-eabi-size  Tetris_STM_code.elf 
arm-none-eabi-objdump -h -S Tetris_STM_code.elf  > "Tetris_STM_code.list"
   text	   data	    bss	    dec	    hex	filename
  13940	     20	   2820	  16780	   418c	Tetris_STM_code.elf
arm-none-eabi-objcopy  -O binary Tetris_STM_code.elf  "Tetris_STM_code.bin"
Finished building: default.size.stdout
 
Finished building: Tetris_STM_code.bin
 
Finished building: Tetris_STM_code.list
 
14:28:55 **** Incremental Build of configuration Debug for project Tetris_STM_code ****
make -j16 all 
arm-none-eabi-gcc "../ssd1306/ssd1306.c" -mcpu=cortex-m0plus -std=gnu11 -g3 -DDEBUG -DUSE_HAL_DRIVER -DSTM32L031xx -c -I../Core/Inc -I../Drivers/STM32L0xx_HAL_Driver/Inc -I../Drivers/STM32L0xx_HAL_Driver/Inc/Legacy -I../Drivers/CMSIS/Device/ST/STM32L0xx/Include -I../Drivers/CMSIS/Include -I"C:/Users/pontet/Documents/Git_Repos/Tetris_STM/Tetris_STM_code/ssd1306" -I"C:/Users/pontet/Documents/Git_Repos/Tetris_STM/Tetris_STM_code/tetrisGame" -O0 -ffunction-sections -fdata-sections -Wall -fstack-usage -fcyclomatic-complexity -MMD -MP -MF"ssd1306/ssd1306.d" -MT"ssd1306/ssd1306.o" --specs=nano.specs -mfloat-abi=soft -mthumb -o "ssd1306/ssd1306.o"
arm-none-eabi-gcc "../ssd1306/ssd1306_fonts.c" -mcpu=cortex-m0plus -std=gnu11 -g3 -DDEBUG -DUSE_HAL_DRIVER -DSTM32L031xx -c -I../Core/Inc -I../Drivers/STM32L0xx_HAL_Driver/Inc -I../Drivers/STM32L0xx_HAL_Driver/Inc/Legacy -I../Drivers/CMSIS/Device/ST/STM32L0xx/Include -I../Drivers/CMSIS/Include -I"C:/Users/pontet/Documents/Git_Repos/Tetris_STM/Tetris_STM_code/ssd1306" -I"C:/Users/pontet/Documents/Git_Repos/Tetris_STM/Tetris_STM_code/tetrisGame" -O0 -ffunction-sections -fdata-sections -Wall -fstack-usage -fcyclomatic-complexity -MMD -MP -MF"ssd1306/ssd1306_fonts.d" -MT"ssd1306/ssd1306_fonts.o" --specs=nano.specs -mfloat-abi=soft -mthumb -o "ssd1306/ssd1306_fonts.o"
arm-none-eabi-gcc "../ssd1306/ssd1306_tests.c" -mcpu=cortex-m0plus -std=gnu11 -g3 -DDEBUG -DUSE_HAL_DRIVER -DSTM32L031xx -c -I../Core/Inc -I../Drivers/STM32L0xx_HAL_Driver/Inc -I../Drivers/STM32L0xx_HAL_Driver/Inc/Legacy -I../Drivers/CMSIS/Device/ST/STM32L0xx/Include -I../Drivers/CMSIS/Include -I"C:/Users/pontet/Documents/Git_Repos/Tetris_STM/Tetris_STM_code/ssd1306" -I"C:/Users/pontet/Documents/Git_Repos/Tetris_STM/Tetris_STM_code/tetrisGame" -O0 -ffunction-sections -fdata-sections -Wall -fstack-usage -fcyclomatic-complexity -MMD -MP -MF"ssd1306/ssd1306_tests.d" -MT"ssd1306/ssd1306_tests.o" --specs=nano.specs -mfloat-abi=soft -mthumb -o "ssd1306/ssd1306_tests.o"
arm-none-eabi-gcc "../Core/Src/main.c" -mcpu=cortex-m0plus -std=gnu11 -g3 -DDEBUG -DUSE_HAL_DRIVER -DSTM32L031xx -c -I../Core/Inc -I../Drivers/STM32L0xx_HAL_Driver/Inc -I../Drivers/STM32L0xx_HAL_Driver/Inc/Legacy -I../Drivers/CMSIS/Device/ST/STM32L0xx/Include -I../Drivers/CMSIS/Include -I"C:/Users/pontet/Documents/Git_Repos/Tetris_STM/Tetris_STM_code/ssd1306" -I"C:/Users/pontet/Documents/Git_Repos/Tetris_STM/Tetris_STM_code/tetrisGame" -O0 -ffunction-sections -fdata-sections -Wall -fstack-usage -fcyclomatic-complexity -MMD -MP -MF"Core/Src/main.d" -MT"Core/Src/main.o" --specs=nano.specs -mfloat-abi=soft -mthumb -o "Core/Src/main.o"
arm-none-eabi-gcc -o "Tetris_STM_code.elf" @"objects.list"   -mcpu=cortex-m0plus -T"C:\Users\pontet\Documents\Git_Repos\Tetris_STM\Tetris_STM_code\STM32L031K6TX_FLASH.ld" --specs=nosys.specs -Wl,-Map="Tetris_STM_code.map" -Wl,--gc-sections -static --specs=nano.specs -mfloat-abi=soft -mthumb -Wl,--start-group -lc -lm -Wl,--end-group
Finished building target: Tetris_STM_code.elf
 
arm-none-eabi-size  Tetris_STM_code.elf 
arm-none-eabi-objdump -h -S Tetris_STM_code.elf  > "Tetris_STM_code.list"
   text	   data	    bss	    dec	    hex	filename
  13940	     20	   2820	  16780	   418c	Tetris_STM_code.elf
arm-none-eabi-objcopy  -O binary Tetris_STM_code.elf  "Tetris_STM_code.bin"
Finished building: default.size.stdout
 
Finished building: Tetris_STM_code.bin
 
Finished building: Tetris_STM_code.list
 
14:30:50 **** Incremental Build of configuration Debug for project Tetris_STM_code ****
make -j16 all 
arm-none-eabi-gcc "../tetrisGame/tetrisScoring.c" -mcpu=cortex-m0plus -std=gnu11 -g3 -DDEBUG -DUSE_HAL_DRIVER -DSTM32L031xx -c -I../Core/Inc -I"C:/Users/pontet/Documents/Git_Repos/Tetris_STM/Tetris_STM_code/tetrisGame" -I../Drivers/STM32L0xx_HAL_Driver/Inc -I../Drivers/STM32L0xx_HAL_Driver/Inc/Legacy -I../Drivers/CMSIS/Device/ST/STM32L0xx/Include -I../Drivers/CMSIS/Include -I"C:/Users/pontet/Documents/Git_Repos/Tetris_STM/Tetris_STM_code/ssd1306" -O0 -ffunction-sections -fdata-sections -Wall -fstack-usage -fcyclomatic-complexity -MMD -MP -MF"tetrisGame/tetrisScoring.d" -MT"tetrisGame/tetrisScoring.o" --specs=nano.specs -mfloat-abi=soft -mthumb -o "tetrisGame/tetrisScoring.o"
arm-none-eabi-gcc "../tetrisGame/tetrisStartMenu.c" -mcpu=cortex-m0plus -std=gnu11 -g3 -DDEBUG -DUSE_HAL_DRIVER -DSTM32L031xx -c -I../Core/Inc -I"C:/Users/pontet/Documents/Git_Repos/Tetris_STM/Tetris_STM_code/tetrisGame" -I../Drivers/STM32L0xx_HAL_Driver/Inc -I../Drivers/STM32L0xx_HAL_Driver/Inc/Legacy -I../Drivers/CMSIS/Device/ST/STM32L0xx/Include -I../Drivers/CMSIS/Include -I"C:/Users/pontet/Documents/Git_Repos/Tetris_STM/Tetris_STM_code/ssd1306" -O0 -ffunction-sections -fdata-sections -Wall -fstack-usage -fcyclomatic-complexity -MMD -MP -MF"tetrisGame/tetrisStartMenu.d" -MT"tetrisGame/tetrisStartMenu.o" --specs=nano.specs -mfloat-abi=soft -mthumb -o "tetrisGame/tetrisStartMenu.o"
../tetrisGame/tetrisStartMenu.c:1:2: error: invalid preprocessing directive #incldue; did you mean #include?
    1 | #incldue "tetrisStartMenu.h"
      |  ^~~~~~~
      |  include
make: *** [tetrisGame/subdir.mk:22: tetrisGame/tetrisStartMenu.o] Error 1
make: *** Waiting for unfinished jobs....
"make -j16 all" terminated with exit code 2. Build might be incomplete.
14:30:57 **** Incremental Build of configuration Debug for project Tetris_STM_code ****
make -j16 all 
arm-none-eabi-gcc "../tetrisGame/tetrisStartMenu.c" -mcpu=cortex-m0plus -std=gnu11 -g3 -DDEBUG -DUSE_HAL_DRIVER -DSTM32L031xx -c -I../Core/Inc -I"C:/Users/pontet/Documents/Git_Repos/Tetris_STM/Tetris_STM_code/tetrisGame" -I../Drivers/STM32L0xx_HAL_Driver/Inc -I../Drivers/STM32L0xx_HAL_Driver/Inc/Legacy -I../Drivers/CMSIS/Device/ST/STM32L0xx/Include -I../Drivers/CMSIS/Include -I"C:/Users/pontet/Documents/Git_Repos/Tetris_STM/Tetris_STM_code/ssd1306" -O0 -ffunction-sections -fdata-sections -Wall -fstack-usage -fcyclomatic-complexity -MMD -MP -MF"tetrisGame/tetrisStartMenu.d" -MT"tetrisGame/tetrisStartMenu.o" --specs=nano.specs -mfloat-abi=soft -mthumb -o "tetrisGame/tetrisStartMenu.o"
../tetrisGame/tetrisStartMenu.c:1:2: error: invalid preprocessing directive #incldue; did you mean #include?
    1 | #incldue "tetrisStartMenu.h"
      |  ^~~~~~~
      |  include
make: *** [tetrisGame/subdir.mk:22: tetrisGame/tetrisStartMenu.o] Error 1
"make -j16 all" terminated with exit code 2. Build might be incomplete.
14:31:04 **** Incremental Build of configuration Debug for project Tetris_STM_code ****
make -j16 all 
arm-none-eabi-gcc "../tetrisGame/tetrisStartMenu.c" -mcpu=cortex-m0plus -std=gnu11 -g3 -DDEBUG -DUSE_HAL_DRIVER -DSTM32L031xx -c -I../Core/Inc -I"C:/Users/pontet/Documents/Git_Repos/Tetris_STM/Tetris_STM_code/tetrisGame" -I../Drivers/STM32L0xx_HAL_Driver/Inc -I../Drivers/STM32L0xx_HAL_Driver/Inc/Legacy -I../Drivers/CMSIS/Device/ST/STM32L0xx/Include -I../Drivers/CMSIS/Include -I"C:/Users/pontet/Documents/Git_Repos/Tetris_STM/Tetris_STM_code/ssd1306" -O0 -ffunction-sections -fdata-sections -Wall -fstack-usage -fcyclomatic-complexity -MMD -MP -MF"tetrisGame/tetrisStartMenu.d" -MT"tetrisGame/tetrisStartMenu.o" --specs=nano.specs -mfloat-abi=soft -mthumb -o "tetrisGame/tetrisStartMenu.o"
arm-none-eabi-gcc -o "Tetris_STM_code.elf" @"objects.list"   -mcpu=cortex-m0plus -T"C:\Users\pontet\Documents\Git_Repos\Tetris_STM\Tetris_STM_code\STM32L031K6TX_FLASH.ld" --specs=nosys.specs -Wl,-Map="Tetris_STM_code.map" -Wl,--gc-sections -static --specs=nano.specs -mfloat-abi=soft -mthumb -Wl,--start-group -lc -lm -Wl,--end-group
Finished building target: Tetris_STM_code.elf
 
arm-none-eabi-size  Tetris_STM_code.elf 
arm-none-eabi-objdump -h -S Tetris_STM_code.elf  > "Tetris_STM_code.list"
   text	   data	    bss	    dec	    hex	filename
  13940	     20	   2820	  16780	   418c	Tetris_STM_code.elf
arm-none-eabi-objcopy  -O binary Tetris_STM_code.elf  "Tetris_STM_code.bin"
Finished building: default.size.stdout
 
Finished building: Tetris_STM_code.bin
 
Finished building: Tetris_STM_code.list
 
14:31:50 **** Incremental Build of configuration Debug for project Tetris_STM_code ****
make -j16 all 
arm-none-eabi-gcc "../tetrisGame/tetrisStartMenu.c" -mcpu=cortex-m0plus -std=gnu11 -g3 -DDEBUG -DUSE_HAL_DRIVER -DSTM32L031xx -c -I../Core/Inc -I"C:/Users/pontet/Documents/Git_Repos/Tetris_STM/Tetris_STM_code/tetrisGame" -I../Drivers/STM32L0xx_HAL_Driver/Inc -I../Drivers/STM32L0xx_HAL_Driver/Inc/Legacy -I../Drivers/CMSIS/Device/ST/STM32L0xx/Include -I../Drivers/CMSIS/Include -I"C:/Users/pontet/Documents/Git_Repos/Tetris_STM/Tetris_STM_code/ssd1306" -O0 -ffunction-sections -fdata-sections -Wall -fstack-usage -fcyclomatic-complexity -MMD -MP -MF"tetrisGame/tetrisStartMenu.d" -MT"tetrisGame/tetrisStartMenu.o" --specs=nano.specs -mfloat-abi=soft -mthumb -o "tetrisGame/tetrisStartMenu.o"
arm-none-eabi-gcc "../Core/Src/main.c" -mcpu=cortex-m0plus -std=gnu11 -g3 -DDEBUG -DUSE_HAL_DRIVER -DSTM32L031xx -c -I../Core/Inc -I../Drivers/STM32L0xx_HAL_Driver/Inc -I../Drivers/STM32L0xx_HAL_Driver/Inc/Legacy -I../Drivers/CMSIS/Device/ST/STM32L0xx/Include -I../Drivers/CMSIS/Include -I"C:/Users/pontet/Documents/Git_Repos/Tetris_STM/Tetris_STM_code/ssd1306" -I"C:/Users/pontet/Documents/Git_Repos/Tetris_STM/Tetris_STM_code/tetrisGame" -O0 -ffunction-sections -fdata-sections -Wall -fstack-usage -fcyclomatic-complexity -MMD -MP -MF"Core/Src/main.d" -MT"Core/Src/main.o" --specs=nano.specs -mfloat-abi=soft -mthumb -o "Core/Src/main.o"
In file included from ../tetrisGame/tetrisStartMenu.c:1:
../tetrisGame/tetrisStartMenu.h:13:1: warning: parameter names (without types) in function declaration
   13 | void tetrisBordureDecor(SSD1306_COLOR);
      | ^~~~
../tetrisGame/tetrisStartMenu.h:14:1: warning: parameter names (without types) in function declaration
   14 | void tetrisStartMenu(SSD1306_COLOR);
      | ^~~~
../tetrisGame/tetrisStartMenu.c:2:25: error: unknown type name 'SSD1306_COLOR'
    2 | void tetrisBordureDecor(SSD1306_COLOR color)
      |                         ^~~~~~~~~~~~~
../tetrisGame/tetrisStartMenu.c:66:22: error: unknown type name 'SSD1306_COLOR'
   66 | void tetrisStartMenu(SSD1306_COLOR color){
      |                      ^~~~~~~~~~~~~
make: *** [tetrisGame/subdir.mk:22: tetrisGame/tetrisStartMenu.o] Error 1
make: *** Waiting for unfinished jobs....
../Core/Src/main.c: In function 'tetrisInit':
../Core/Src/main.c:167:3: warning: implicit declaration of function 'tetrisStartMenu' [-Wimplicit-function-declaration]
  167 |   tetrisStartMenu(White);
      |   ^~~~~~~~~~~~~~~
"make -j16 all" terminated with exit code 2. Build might be incomplete.
14:32:06 **** Incremental Build of configuration Debug for project Tetris_STM_code ****
make -j16 all 
arm-none-eabi-gcc "../tetrisGame/tetrisStartMenu.c" -mcpu=cortex-m0plus -std=gnu11 -g3 -DDEBUG -DUSE_HAL_DRIVER -DSTM32L031xx -c -I../Core/Inc -I"C:/Users/pontet/Documents/Git_Repos/Tetris_STM/Tetris_STM_code/tetrisGame" -I../Drivers/STM32L0xx_HAL_Driver/Inc -I../Drivers/STM32L0xx_HAL_Driver/Inc/Legacy -I../Drivers/CMSIS/Device/ST/STM32L0xx/Include -I../Drivers/CMSIS/Include -I"C:/Users/pontet/Documents/Git_Repos/Tetris_STM/Tetris_STM_code/ssd1306" -O0 -ffunction-sections -fdata-sections -Wall -fstack-usage -fcyclomatic-complexity -MMD -MP -MF"tetrisGame/tetrisStartMenu.d" -MT"tetrisGame/tetrisStartMenu.o" --specs=nano.specs -mfloat-abi=soft -mthumb -o "tetrisGame/tetrisStartMenu.o"
arm-none-eabi-gcc -o "Tetris_STM_code.elf" @"objects.list"   -mcpu=cortex-m0plus -T"C:\Users\pontet\Documents\Git_Repos\Tetris_STM\Tetris_STM_code\STM32L031K6TX_FLASH.ld" --specs=nosys.specs -Wl,-Map="Tetris_STM_code.map" -Wl,--gc-sections -static --specs=nano.specs -mfloat-abi=soft -mthumb -Wl,--start-group -lc -lm -Wl,--end-group
Finished building target: Tetris_STM_code.elf
 
arm-none-eabi-size  Tetris_STM_code.elf 
arm-none-eabi-objdump -h -S Tetris_STM_code.elf  > "Tetris_STM_code.list"
   text	   data	    bss	    dec	    hex	filename
  13940	     20	   2820	  16780	   418c	Tetris_STM_code.elf
arm-none-eabi-objcopy  -O binary Tetris_STM_code.elf  "Tetris_STM_code.bin"
Finished building: default.size.stdout
 
Finished building: Tetris_STM_code.bin
 
Finished building: Tetris_STM_code.list
 
14:32:22 **** Incremental Build of configuration Debug for project Tetris_STM_code ****
make -j16 all 
arm-none-eabi-gcc "../Core/Src/main.c" -mcpu=cortex-m0plus -std=gnu11 -g3 -DDEBUG -DUSE_HAL_DRIVER -DSTM32L031xx -c -I../Core/Inc -I../Drivers/STM32L0xx_HAL_Driver/Inc -I../Drivers/STM32L0xx_HAL_Driver/Inc/Legacy -I../Drivers/CMSIS/Device/ST/STM32L0xx/Include -I../Drivers/CMSIS/Include -I"C:/Users/pontet/Documents/Git_Repos/Tetris_STM/Tetris_STM_code/ssd1306" -I"C:/Users/pontet/Documents/Git_Repos/Tetris_STM/Tetris_STM_code/tetrisGame" -O0 -ffunction-sections -fdata-sections -Wall -fstack-usage -fcyclomatic-complexity -MMD -MP -MF"Core/Src/main.d" -MT"Core/Src/main.o" --specs=nano.specs -mfloat-abi=soft -mthumb -o "Core/Src/main.o"
[...]
   51 |         sprintf(strScore, "%d points", tetrisScore);
      |         ^~~~~~~
../tetrisGame/tetrisScoring.c:4:1: note: include '<stdio.h>' or provide a declaration of 'sprintf'
    3 | #include "ssd1306.h"
  +++ |+#include <stdio.h>
    4 | 
../tetrisGame/tetrisScoring.c:51:9: warning: incompatible implicit declaration of built-in function 'sprintf' [-Wbuiltin-declaration-mismatch]
   51 |         sprintf(strScore, "%d points", tetrisScore);
      |         ^~~~~~~
../tetrisGame/tetrisScoring.c:51:9: note: include '<stdio.h>' or provide a declaration of 'sprintf'
../tetrisGame/tetrisScoring.c:51:29: warning: format '%d' expects argument of type 'int', but argument 3 has type 'uint32_t' {aka 'long unsigned int'} [-Wformat=]
   51 |         sprintf(strScore, "%d points", tetrisScore);
      |                            ~^          ~~~~~~~~~~~
      |                             |          |
      |                             int        uint32_t {aka long unsigned int}
      |                            %ld
arm-none-eabi-gcc -o "Tetris_STM_code.elf" @"objects.list"   -mcpu=cortex-m0plus -T"C:\Users\pontet\Documents\Git_Repos\Tetris_STM\Tetris_STM_code\STM32L031K6TX_FLASH.ld" --specs=nosys.specs -Wl,-Map="Tetris_STM_code.map" -Wl,--gc-sections -static --specs=nano.specs -mfloat-abi=soft -mthumb -Wl,--start-group -lc -lm -Wl,--end-group
Finished building target: Tetris_STM_code.elf
 
arm-none-eabi-size  Tetris_STM_code.elf 
arm-none-eabi-objdump -h -S Tetris_STM_code.elf  > "Tetris_STM_code.list"
   text	   data	    bss	    dec	    hex	filename
  19120	    112	   3152	  22384	   5770	Tetris_STM_code.elf
arm-none-eabi-objcopy  -O binary Tetris_STM_code.elf  "Tetris_STM_code.bin"
Finished building: default.size.stdout
 
Finished building: Tetris_STM_code.bin
 
Finished building: Tetris_STM_code.list
 
08:52:22 **** Incremental Build of configuration Debug for project Tetris_STM_code ****
make -j16 all 
arm-none-eabi-gcc "../tetrisGame/tetrisScoring.c" -mcpu=cortex-m0plus -std=gnu11 -g3 -DDEBUG -DUSE_HAL_DRIVER -DSTM32L031xx -c -I../Core/Inc -I"C:/Users/pontet/Documents/Git_Repos/Tetris_STM/Tetris_STM_code/tetrisGame" -I../Drivers/STM32L0xx_HAL_Driver/Inc -I../Drivers/STM32L0xx_HAL_Driver/Inc/Legacy -I../Drivers/CMSIS/Device/ST/STM32L0xx/Include -I../Drivers/CMSIS/Include -I"C:/Users/pontet/Documents/Git_Repos/Tetris_STM/Tetris_STM_code/ssd1306" -O0 -ffunction-sections -fdata-sections -Wall -fstack-usage -fcyclomatic-complexity -MMD -MP -MF"tetrisGame/tetrisScoring.d" -MT"tetrisGame/tetrisScoring.o" --specs=nano.specs -mfloat-abi=soft -mthumb -o "tetrisGame/tetrisScoring.o"
../tetrisGame/tetrisScoring.c: In function 'printScore':
../tetrisGame/tetrisScoring.c:58:9: warning: implicit declaration of function 'sprintf' [-Wimplicit-function-declaration]
   58 |         sprintf(strScore, "%d points", tetrisScore);
      |         ^~~~~~~
../tetrisGame/tetrisScoring.c:4:1: note: include '<stdio.h>' or provide a declaration of 'sprintf'
    3 | #include "ssd1306.h"
  +++ |+#include <stdio.h>
    4 | 
../tetrisGame/tetrisScoring.c:58:9: warning: incompatible implicit declaration of built-in function 'sprintf' [-Wbuiltin-declaration-mismatch]
   58 |         sprintf(strScore, "%d points", tetrisScore);
      |         ^~~~~~~
../tetrisGame/tetrisScoring.c:58:9: note: include '<stdio.h>' or provide a declaration of 'sprintf'
../tetrisGame/tetrisScoring.c:58:29: warning: format '%d' expects argument of type 'int', but argument 3 has type 'uint32_t' {aka 'long unsigned int'} [-Wformat=]
   58 |         sprintf(strScore, "%d points", tetrisScore);
      |                            ~^          ~~~~~~~~~~~
      |                             |          |
      |                             int        uint32_t {aka long unsigned int}
      |                            %ld
arm-none-eabi-gcc -o "Tetris_STM_code.elf" @"objects.list"   -mcpu=cortex-m0plus -T"C:\Users\pontet\Documents\Git_Repos\Tetris_STM\Tetris_STM_code\STM32L031K6TX_FLASH.ld" --specs=nosys.specs -Wl,-Map="Tetris_STM_code.map" -Wl,--gc-sections -static --specs=nano.specs -mfloat-abi=soft -mthumb -Wl,--start-group -lc -lm -Wl,--end-group
Finished building target: Tetris_STM_code.elf
 
arm-none-eabi-size  Tetris_STM_code.elf 
arm-none-eabi-objdump -h -S Tetris_STM_code.elf  > "Tetris_STM_code.list"
arm-none-eabi-objcopy  -O binary Tetris_STM_code.elf  "Tetris_STM_code.bin"
   text	   data	    bss	    dec	    hex	filename
  19120	    112	   3152	  22384	   5770	Tetris_STM_code.elf
Finished building: default.size.stdout
 
Finished building: Tetris_STM_code.bin
 
Finished building: Tetris_STM_code.list
 
08:52:35 **** Incremental Build of configuration Debug for project Tetris_STM_code ****
make -j16 all 
arm-none-eabi-gcc "../tetrisGame/tetrisScoring.c" -mcpu=cortex-m0plus -std=gnu11 -g3 -DDEBUG -DUSE_HAL_DRIVER -DSTM32L031xx -c -I../Core/Inc -I"C:/Users/pontet/Documents/Git_Repos/Tetris_STM/Tetris_STM_code/tetrisGame" -I../Drivers/STM32L0xx_HAL_Driver/Inc -I../Drivers/STM32L0xx_HAL_Driver/Inc/Legacy -I../Drivers/CMSIS/Device/ST/STM32L0xx/Include -I../Drivers/CMSIS/Include -I"C:/Users/pontet/Documents/Git_Repos/Tetris_STM/Tetris_STM_code/ssd1306" -O0 -ffunction-sections -fdata-sections -Wall -fstack-usage -fcyclomatic-complexity -MMD -MP -MF"tetrisGame/tetrisScoring.d" -MT"tetrisGame/tetrisScoring.o" --specs=nano.specs -mfloat-abi=soft -mthumb -o "tetrisGame/tetrisScoring.o"
../tetrisGame/tetrisScoring.c: In function 'printScore':
../tetrisGame/tetrisScoring.c:58:9: warning: implicit declaration of function 'sprintf' [-Wimplicit-function-declaration]
   58 |         sprintf(strScore, "%ld points", tetrisScore);
      |         ^~~~~~~
../tetrisGame/tetrisScoring.c:4:1: note: include '<stdio.h>' or provide a declaration of 'sprintf'
    3 | #include "ssd1306.h"
  +++ |+#include <stdio.h>
    4 | 
../tetrisGame/tetrisScoring.c:58:9: warning: incompatible implicit declaration of built-in function 'sprintf' [-Wbuiltin-declaration-mismatch]
   58 |         sprintf(strScore, "%ld points", tetrisScore);
      |         ^~~~~~~
../tetrisGame/tetrisScoring.c:58:9: note: include '<stdio.h>' or provide a declaration of 'sprintf'
arm-none-eabi-gcc -o "Tetris_STM_code.elf" @"objects.list"   -mcpu=cortex-m0plus -T"C:\Users\pontet\Documents\Git_Repos\Tetris_STM\Tetris_STM_code\STM32L031K6TX_FLASH.ld" --specs=nosys.specs -Wl,-Map="Tetris_STM_code.map" -Wl,--gc-sections -static --specs=nano.specs -mfloat-abi=soft -mthumb -Wl,--start-group -lc -lm -Wl,--end-group
Finished building target: Tetris_STM_code.elf
 
arm-none-eabi-size  Tetris_STM_code.elf 
arm-none-eabi-objdump -h -S Tetris_STM_code.elf  > "Tetris_STM_code.list"
   text	   data	    bss	    dec	    hex	filename
  19120	    112	   3152	  22384	   5770	Tetris_STM_code.elf
arm-none-eabi-objcopy  -O binary Tetris_STM_code.elf  "Tetris_STM_code.bin"
Finished building: default.size.stdout
 
Finished building: Tetris_STM_code.bin
 
Finished building: Tetris_STM_code.list
 
08:53:36 **** Incremental Build of configuration Debug for project Tetris_STM_code ****
make -j16 all 
arm-none-eabi-gcc "../tetrisGame/tetrisScoring.c" -mcpu=cortex-m0plus -std=gnu11 -g3 -DDEBUG -DUSE_HAL_DRIVER -DSTM32L031xx -c -I../Core/Inc -I"C:/Users/pontet/Documents/Git_Repos/Tetris_STM/Tetris_STM_code/tetrisGame" -I../Drivers/STM32L0xx_HAL_Driver/Inc -I../Drivers/STM32L0xx_HAL_Driver/Inc/Legacy -I../Drivers/CMSIS/Device/ST/STM32L0xx/Include -I../Drivers/CMSIS/Include -I"C:/Users/pontet/Documents/Git_Repos/Tetris_STM/Tetris_STM_code/ssd1306" -O0 -ffunction-sections -fdata-sections -Wall -fstack-usage -fcyclomatic-complexity -MMD -MP -MF"tetrisGame/tetrisScoring.d" -MT"tetrisGame/tetrisScoring.o" --specs=nano.specs -mfloat-abi=soft -mthumb -o "tetrisGame/tetrisScoring.o"
arm-none-eabi-gcc -o "Tetris_STM_code.elf" @"objects.list"   -mcpu=cortex-m0plus -T"C:\Users\pontet\Documents\Git_Repos\Tetris_STM\Tetris_STM_code\STM32L031K6TX_FLASH.ld" --specs=nosys.specs -Wl,-Map="Tetris_STM_code.map" -Wl,--gc-sections -static --specs=nano.specs -mfloat-abi=soft -mthumb -Wl,--start-group -lc -lm -Wl,--end-group
Finished building target: Tetris_STM_code.elf
 
arm-none-eabi-size  Tetris_STM_code.elf 
arm-none-eabi-objdump -h -S Tetris_STM_code.elf  > "Tetris_STM_code.list"
   text	   data	    bss	    dec	    hex	filename
  19120	    112	   3152	  22384	   5770	Tetris_STM_code.elf
arm-none-eabi-objcopy  -O binary Tetris_STM_code.elf  "Tetris_STM_code.bin"
Finished building: default.size.stdout
 
Finished building: Tetris_STM_code.bin
 
Finished building: Tetris_STM_code.list
 
08:54:58 **** Incremental Build of configuration Debug for project Tetris_STM_code ****
make -j16 all 
arm-none-eabi-gcc "../tetrisGame/tetrisScoring.c" -mcpu=cortex-m0plus -std=gnu11 -g3 -DDEBUG -DUSE_HAL_DRIVER -DSTM32L031xx -c -I../Core/Inc -I"C:/Users/pontet/Documents/Git_Repos/Tetris_STM/Tetris_STM_code/tetrisGame" -I../Drivers/STM32L0xx_HAL_Driver/Inc -I../Drivers/STM32L0xx_HAL_Driver/Inc/Legacy -I../Drivers/CMSIS/Device/ST/STM32L0xx/Include -I../Drivers/CMSIS/Include -I"C:/Users/pontet/Documents/Git_Repos/Tetris_STM/Tetris_STM_code/ssd1306" -O0 -ffunction-sections -fdata-sections -Wall -fstack-usage -fcyclomatic-complexity -MMD -MP -MF"tetrisGame/tetrisScoring.d" -MT"tetrisGame/tetrisScoring.o" --specs=nano.specs -mfloat-abi=soft -mthumb -o "tetrisGame/tetrisScoring.o"
../tetrisGame/tetrisScoring.c: In function 'printScore':
../tetrisGame/tetrisScoring.c:58:9: warning: implicit declaration of function 'sprintf' [-Wimplicit-function-declaration]
   58 |         sprintf(strScore, "%ld points", tetrisScore);
      |         ^~~~~~~
../tetrisGame/tetrisScoring.c:4:1: note: include '<stdio.h>' or provide a declaration of 'sprintf'
    3 | #include "ssd1306.h"
  +++ |+#include <stdio.h>
    4 | 
../tetrisGame/tetrisScoring.c:58:9: warning: incompatible implicit declaration of built-in function 'sprintf' [-Wbuiltin-declaration-mismatch]
   58 |         sprintf(strScore, "%ld points", tetrisScore);
      |         ^~~~~~~
../tetrisGame/tetrisScoring.c:58:9: note: include '<stdio.h>' or provide a declaration of 'sprintf'
arm-none-eabi-gcc -o "Tetris_STM_code.elf" @"objects.list"   -mcpu=cortex-m0plus -T"C:\Users\pontet\Documents\Git_Repos\Tetris_STM\Tetris_STM_code\STM32L031K6TX_FLASH.ld" --specs=nosys.specs -Wl,-Map="Tetris_STM_code.map" -Wl,--gc-sections -static --specs=nano.specs -mfloat-abi=soft -mthumb -Wl,--start-group -lc -lm -Wl,--end-group
Finished building target: Tetris_STM_code.elf
 
arm-none-eabi-size  Tetris_STM_code.elf 
arm-none-eabi-objdump -h -S Tetris_STM_code.elf  > "Tetris_STM_code.list"
   text	   data	    bss	    dec	    hex	filename
  19120	    112	   3152	  22384	   5770	Tetris_STM_code.elf
arm-none-eabi-objcopy  -O binary Tetris_STM_code.elf  "Tetris_STM_code.bin"
Finished building: default.size.stdout
 
Finished building: Tetris_STM_code.bin
 
Finished building: Tetris_STM_code.list
 
08:55:12 **** Incremental Build of configuration Debug for project Tetris_STM_code ****
make -j16 all 
arm-none-eabi-gcc "../tetrisGame/tetrisScoring.c" -mcpu=cortex-m0plus -std=gnu11 -g3 -DDEBUG -DUSE_HAL_DRIVER -DSTM32L031xx -c -I../Core/Inc -I"C:/Users/pontet/Documents/Git_Repos/Tetris_STM/Tetris_STM_code/tetrisGame" -I../Drivers/STM32L0xx_HAL_Driver/Inc -I../Drivers/STM32L0xx_HAL_Driver/Inc/Legacy -I../Drivers/CMSIS/Device/ST/STM32L0xx/Include -I../Drivers/CMSIS/Include -I"C:/Users/pontet/Documents/Git_Repos/Tetris_STM/Tetris_STM_code/ssd1306" -O0 -ffunction-sections -fdata-sections -Wall -fstack-usage -fcyclomatic-complexity -MMD -MP -MF"tetrisGame/tetrisScoring.d" -MT"tetrisGame/tetrisScoring.o" --specs=nano.specs -mfloat-abi=soft -mthumb -o "tetrisGame/tetrisScoring.o"
arm-none-eabi-gcc -o "Tetris_STM_code.elf" @"objects.list"   -mcpu=cortex-m0plus -T"C:\Users\pontet\Documents\Git_Repos\Tetris_STM\Tetris_STM_code\STM32L031K6TX_FLASH.ld" --specs=nosys.specs -Wl,-Map="Tetris_STM_code.map" -Wl,--gc-sections -static --specs=nano.specs -mfloat-abi=soft -mthumb -Wl,--start-group -lc -lm -Wl,--end-group
Finished building target: Tetris_STM_code.elf
 
arm-none-eabi-size  Tetris_STM_code.elf 
arm-none-eabi-objdump -h -S Tetris_STM_code.elf  > "Tetris_STM_code.list"
   text	   data	    bss	    dec	    hex	filename
  19120	    112	   3152	  22384	   5770	Tetris_STM_code.elf
arm-none-eabi-objcopy  -O binary Tetris_STM_code.elf  "Tetris_STM_code.bin"
Finished building: default.size.stdout
 
Finished building: Tetris_STM_code.bin
 
Finished building: Tetris_STM_code.list
 
08:55:20 **** Incremental Build of configuration Debug for project Tetris_STM_code ****
make -j16 all 
arm-none-eabi-size  Tetris_STM_code.elf 
   text	   data	    bss	    dec	    hex	filename
  19120	    112	   3152	  22384	   5770	Tetris_STM_code.elf
Finished building: default.size.stdout
 
08:58:42 **** Incremental Build of configuration Debug for project Tetris_STM_code ****
make -j16 all 
arm-none-eabi-gcc "../tetrisGame/tetrisScoring.c" -mcpu=cortex-m0plus -std=gnu11 -g3 -DDEBUG -DUSE_HAL_DRIVER -DSTM32L031xx -c -I../Core/Inc -I"C:/Users/pontet/Documents/Git_Repos/Tetris_STM/Tetris_STM_code/tetrisGame" -I../Drivers/STM32L0xx_HAL_Driver/Inc -I../Drivers/STM32L0xx_HAL_Driver/Inc/Legacy -I../Drivers/CMSIS/Device/ST/STM32L0xx/Include -I../Drivers/CMSIS/Include -I"C:/Users/pontet/Documents/Git_Repos/Tetris_STM/Tetris_STM_code/ssd1306" -O0 -ffunction-sections -fdata-sections -Wall -fstack-usage -fcyclomatic-complexity -MMD -MP -MF"tetrisGame/tetrisScoring.d" -MT"tetrisGame/tetrisScoring.o" --specs=nano.specs -mfloat-abi=soft -mthumb -o "tetrisGame/tetrisScoring.o"
arm-none-eabi-gcc -o "Tetris_STM_code.elf" @"objects.list"   -mcpu=cortex-m0plus -T"C:\Users\pontet\Documents\Git_Repos\Tetris_STM\Tetris_STM_code\STM32L031K6TX_FLASH.ld" --specs=nosys.specs -Wl,-Map="Tetris_STM_code.map" -Wl,--gc-sections -static --specs=nano.specs -mfloat-abi=soft -mthumb -Wl,--start-group -lc -lm -Wl,--end-group
Finished building target: Tetris_STM_code.elf
 
arm-none-eabi-size  Tetris_STM_code.elf 
arm-none-eabi-objdump -h -S Tetris_STM_code.elf  > "Tetris_STM_code.list"
   text	   data	    bss	    dec	    hex	filename
  19120	    112	   3152	  22384	   5770	Tetris_STM_code.elf
arm-none-eabi-objcopy  -O binary Tetris_STM_code.elf  "Tetris_STM_code.bin"
Finished building: default.size.stdout
 
Finished building: Tetris_STM_code.bin
 
Finished building: Tetris_STM_code.list
 
08:59:14 **** Incremental Build of configuration Debug for project Tetris_STM_code ****
make -j16 all 
arm-none-eabi-gcc "../tetrisGame/tetrisScoring.c" -mcpu=cortex-m0plus -std=gnu11 -g3 -DDEBUG -DUSE_HAL_DRIVER -DSTM32L031xx -c -I../Core/Inc -I"C:/Users/pontet/Documents/Git_Repos/Tetris_STM/Tetris_STM_code/tetrisGame" -I../Drivers/STM32L0xx_HAL_Driver/Inc -I../Drivers/STM32L0xx_HAL_Driver/Inc/Legacy -I../Drivers/CMSIS/Device/ST/STM32L0xx/Include -I../Drivers/CMSIS/Include -I"C:/Users/pontet/Documents/Git_Repos/Tetris_STM/Tetris_STM_code/ssd1306" -O0 -ffunction-sections -fdata-sections -Wall -fstack-usage -fcyclomatic-complexity -MMD -MP -MF"tetrisGame/tetrisScoring.d" -MT"tetrisGame/tetrisScoring.o" --specs=nano.specs -mfloat-abi=soft -mthumb -o "tetrisGame/tetrisScoring.o"
arm-none-eabi-gcc -o "Tetris_STM_code.elf" @"objects.list"   -mcpu=cortex-m0plus -T"C:\Users\pontet\Documents\Git_Repos\Tetris_STM\Tetris_STM_code\STM32L031K6TX_FLASH.ld" --specs=nosys.specs -Wl,-Map="Tetris_STM_code.map" -Wl,--gc-sections -static --specs=nano.specs -mfloat-abi=soft -mthumb -Wl,--start-group -lc -lm -Wl,--end-group
Finished building target: Tetris_STM_code.elf
 
arm-none-eabi-size  Tetris_STM_code.elf 
arm-none-eabi-objdump -h -S Tetris_STM_code.elf  > "Tetris_STM_code.list"
   text	   data	    bss	    dec	    hex	filename
  19120	    112	   3152	  22384	   5770	Tetris_STM_code.elf
arm-none-eabi-objcopy  -O binary Tetris_STM_code.elf  "Tetris_STM_code.bin"
Finished building: default.size.stdout
 
Finished building: Tetris_STM_code.bin
 
Finished building: Tetris_STM_code.list
 
08:59:34 **** Incremental Build of configuration Debug for project Tetris_STM_code ****
make -j16 all 
arm-none-eabi-gcc "../tetrisGame/tetrisScoring.c" -mcpu=cortex-m0plus -std=gnu11 -g3 -DDEBUG -DUSE_HAL_DRIVER -DSTM32L031xx -c -I../Core/Inc -I"C:/Users/pontet/Documents/Git_Repos/Tetris_STM/Tetris_STM_code/tetrisGame" -I../Drivers/STM32L0xx_HAL_Driver/Inc -I../Drivers/STM32L0xx_HAL_Driver/Inc/Legacy -I../Drivers/CMSIS/Device/ST/STM32L0xx/Include -I../Drivers/CMSIS/Include -I"C:/Users/pontet/Documents/Git_Repos/Tetris_STM/Tetris_STM_code/ssd1306" -O0 -ffunction-sections -fdata-sections -Wall -fstack-usage -fcyclomatic-complexity -MMD -MP -MF"tetrisGame/tetrisScoring.d" -MT"tetrisGame/tetrisScoring.o" --specs=nano.specs -mfloat-abi=soft -mthumb -o "tetrisGame/tetrisScoring.o"
../tetrisGame/tetrisScoring.c:13:10: error: conflicting types for 'getScore'; have 'uint32_t()' {aka 'long unsigned int()'}
   13 | uint32_t getScore(){
      |          ^~~~~~~~
In file included from ../tetrisGame/tetrisScoring.c:1:
../tetrisGame/tetrisScoring.h:14:10: note: previous declaration of 'getScore' with type 'uint16_t()' {aka 'short unsigned int()'}
   14 | uint16_t getScore();
      |          ^~~~~~~~
make: *** [tetrisGame/subdir.mk:22: tetrisGame/tetrisScoring.o] Error 1
"make -j16 all" terminated with exit code 2. Build might be incomplete.
09:01:46 **** Incremental Build of configuration Debug for project Tetris_STM_code ****
make -j16 all 
arm-none-eabi-gcc "../tetrisGame/tetrisScoring.c" -mcpu=cortex-m0plus -std=gnu11 -g3 -DDEBUG -DUSE_HAL_DRIVER -DSTM32L031xx -c -I../Core/Inc -I"C:/Users/pontet/Documents/Git_Repos/Tetris_STM/Tetris_STM_code/tetrisGame" -I../Drivers/STM32L0xx_HAL_Driver/Inc -I../Drivers/STM32L0xx_HAL_Driver/Inc/Legacy -I../Drivers/CMSIS/Device/ST/STM32L0xx/Include -I../Drivers/CMSIS/Include -I"C:/Users/pontet/Documents/Git_Repos/Tetris_STM/Tetris_STM_code/ssd1306" -O0 -ffunction-sections -fdata-sections -Wall -fstack-usage -fcyclomatic-complexity -MMD -MP -MF"tetrisGame/tetrisScoring.d" -MT"tetrisGame/tetrisScoring.o" --specs=nano.specs -mfloat-abi=soft -mthumb -o "tetrisGame/tetrisScoring.o"
arm-none-eabi-gcc "../Core/Src/main.c" -mcpu=cortex-m0plus -std=gnu11 -g3 -DDEBUG -DUSE_HAL_DRIVER -DSTM32L031xx -c -I../Core/Inc -I../Drivers/STM32L0xx_HAL_Driver/Inc -I../Drivers/STM32L0xx_HAL_Driver/Inc/Legacy -I../Drivers/CMSIS/Device/ST/STM32L0xx/Include -I../Drivers/CMSIS/Include -I"C:/Users/pontet/Documents/Git_Repos/Tetris_STM/Tetris_STM_code/ssd1306" -I"C:/Users/pontet/Documents/Git_Repos/Tetris_STM/Tetris_STM_code/tetrisGame" -O0 -ffunction-sections -fdata-sections -Wall -fstack-usage -fcyclomatic-complexity -MMD -MP -MF"Core/Src/main.d" -MT"Core/Src/main.o" --specs=nano.specs -mfloat-abi=soft -mthumb -o "Core/Src/main.o"
arm-none-eabi-gcc -o "Tetris_STM_code.elf" @"objects.list"   -mcpu=cortex-m0plus -T"C:\Users\pontet\Documents\Git_Repos\Tetris_STM\Tetris_STM_code\STM32L031K6TX_FLASH.ld" --specs=nosys.specs -Wl,-Map="Tetris_STM_code.map" -Wl,--gc-sections -static --specs=nano.specs -mfloat-abi=soft -mthumb -Wl,--start-group -lc -lm -Wl,--end-group
Finished building target: Tetris_STM_code.elf
 
arm-none-eabi-size  Tetris_STM_code.elf 
arm-none-eabi-objdump -h -S Tetris_STM_code.elf  > "Tetris_STM_code.list"
   text	   data	    bss	    dec	    hex	filename
  19120	    112	   3152	  22384	   5770	Tetris_STM_code.elf
arm-none-eabi-objcopy  -O binary Tetris_STM_code.elf  "Tetris_STM_code.bin"
Finished building: default.size.stdout
 
Finished building: Tetris_STM_code.bin
 
Finished building: Tetris_STM_code.list
 
09:01:52 **** Incremental Build of configuration Debug for project Tetris_STM_code ****
make -j16 all 
arm-none-eabi-size  Tetris_STM_code.elf 
   text	   data	    bss	    dec	    hex	filename
  19120	    112	   3152	  22384	   5770	Tetris_STM_code.elf
Finished building: default.size.stdout
 
