15:29:13 **** Incremental Build of configuration Debug for project Tetris_STM_code ****
make -j16 all 
arm-none-eabi-gcc "../tetrisGame/tetrisScoring.c" -mcpu=cortex-m0plus -std=gnu11 -g3 -DDEBUG -DUSE_HAL_DRIVER -DSTM32L031xx -c -I../Core/Inc -I"C:/Users/pontet/Documents/Git_Repos/Tetris_STM/Tetris_STM_code/tetrisGame" -I../Drivers/STM32L0xx_HAL_Driver/Inc -I../Drivers/STM32L0xx_HAL_Driver/Inc/Legacy -I../Drivers/CMSIS/Device/ST/STM32L0xx/Include -I../Drivers/CMSIS/Include -I"C:/Users/pontet/Documents/Git_Repos/Tetris_STM/Tetris_STM_code/ssd1306" -O0 -ffunction-sections -fdata-sections -Wall -fstack-usage -fcyclomatic-complexity -MMD -MP -MF"tetrisGame/tetrisScoring.d" -MT"tetrisGame/tetrisScoring.o" --specs=nano.specs -mfloat-abi=soft -mthumb -o "tetrisGame/tetrisScoring.o"
../tetrisGame/tetrisScoring.c: In function 'printScore':
../tetrisGame/tetrisScoring.c:51:9: warning: implicit declaration of function 'sprintf' [-Wimplicit-function-declaration]
   51 |         sprintf(strScore, "%d points", tetrisScore);
      |         ^~~~~~~
../tetrisGame/tetrisScoring.c:4:1: note: include '<stdio.h>' or provide a declaration of 'sprintf'
    3 | #include "ssd1306.h"
  +++ |+#include <stdio.h>
    4 | 
../tetrisGame/tetrisScoring.c:51:9: warning: incompatible implicit declaration of built-in function 'sprintf' [-Wbuiltin-declaration-mismatch]
   51 |         sprintf(strScore, "%d points", tetrisScore);
      |         ^~~~~~~
../tetrisGame/tetrisScoring.c:51:9: note: include '<stdio.h>' or provide a declaration of 'sprintf'
../tetrisGame/tetrisScoring.c:51:29: warning: format '%d' expects argument of type 'int', but argument 3 has type 'uint32_t' {aka 'long unsigned int'} [-Wformat=]
   51 |         sprintf(strScore, "%d points", tetrisScore);
      |                            ~^          ~~~~~~~~~~~
      |                             |          |
      |                             int        uint32_t {aka long unsigned int}
      |                            %ld
arm-none-eabi-gcc -o "Tetris_STM_code.elf" @"objects.list"   -mcpu=cortex-m0plus -T"C:\Users\pontet\Documents\Git_Repos\Tetris_STM\Tetris_STM_code\STM32L031K6TX_FLASH.ld" --specs=nosys.specs -Wl,-Map="Tetris_STM_code.map" -Wl,--gc-sections -static --specs=nano.specs -mfloat-abi=soft -mthumb -Wl,--start-group -lc -lm -Wl,--end-group
Finished building target: Tetris_STM_code.elf
 
arm-none-eabi-size  Tetris_STM_code.elf 
arm-none-eabi-objdump -h -S Tetris_STM_code.elf  > "Tetris_STM_code.list"
   text	   data	    bss	    dec	    hex	filename
  19120	    112	   3152	  22384	   5770	Tetris_STM_code.elf
arm-none-eabi-objcopy  -O binary Tetris_STM_code.elf  "Tetris_STM_code.bin"
Finished building: default.size.stdout
 
Finished building: Tetris_STM_code.bin
 
Finished building: Tetris_STM_code.list
 

15:29:13 Build Finished. 0 errors, 3 warnings. (took 594ms)

